2026-01-19T18:08:01.150315-03:00 srv5 systemd[1]: rsyslog.service: Sent signal SIGHUP to main process 1727 (rsyslogd) on client request.
2026-01-19T18:08:01.154025-03:00 srv5 rsyslogd: [origin software="rsyslogd" swVersion="8.2504.0" x-pid="1727" x-info="https://www.rsyslog.com"] rsyslogd was HUPed
2026-01-19T18:12:44.063390-03:00 srv5 systemd[1]: session-1.scope: Deactivated successfully.
2026-01-19T18:12:44.067258-03:00 srv5 systemd[1]: session-1.scope: Consumed 1min 25.868s CPU time, 262.7M memory peak.
2026-01-19T18:12:44.325064-03:00 srv5 systemd[1]: session-3.scope: Deactivated successfully.
2026-01-19T18:12:54.625187-03:00 srv5 systemd[1]: Stopping user@1000.service - User Manager for UID 1000...
2026-01-19T18:12:54.755935-03:00 srv5 systemd[799]: Activating special unit exit.target...
2026-01-19T18:12:54.758362-03:00 srv5 systemd[799]: Stopped target default.target - Main User Target.
2026-01-19T18:12:54.781646-03:00 srv5 systemd[799]: Stopping mpris-proxy.service - Bluetooth mpris proxy...
2026-01-19T18:12:54.782574-03:00 srv5 systemd[799]: Stopped mpris-proxy.service - Bluetooth mpris proxy.
2026-01-19T18:12:54.784086-03:00 srv5 systemd[799]: Stopping dbus.service - D-Bus User Message Bus...
2026-01-19T18:12:54.784813-03:00 srv5 systemd[799]: Stopped dbus.service - D-Bus User Message Bus.
2026-01-19T18:12:54.785112-03:00 srv5 systemd[799]: Removed slice session.slice - User Core Session Slice.
2026-01-19T18:12:54.785376-03:00 srv5 systemd[799]: Stopped target basic.target - Basic System.
2026-01-19T18:12:54.785631-03:00 srv5 systemd[799]: Stopped target paths.target - Paths.
2026-01-19T18:12:54.786274-03:00 srv5 systemd[799]: Stopped target sockets.target - Sockets.
2026-01-19T18:12:54.787254-03:00 srv5 systemd[799]: Stopped target timers.target - Timers.
2026-01-19T18:12:54.787538-03:00 srv5 systemd[799]: Closed dbus.socket - D-Bus User Message Bus Socket.
2026-01-19T18:12:54.788008-03:00 srv5 systemd[799]: Stopping ssh-agent.socket - OpenSSH Agent socket...
2026-01-19T18:12:54.864587-03:00 srv5 systemd[799]: Closed ssh-agent.socket - OpenSSH Agent socket.
2026-01-19T18:12:54.874230-03:00 srv5 systemd[799]: Removed slice app.slice - User Application Slice.
2026-01-19T18:12:54.874822-03:00 srv5 systemd[799]: Reached target shutdown.target - Shutdown.
2026-01-19T18:12:54.876258-03:00 srv5 systemd[799]: Finished systemd-exit.service - Exit the Session.
2026-01-19T18:12:54.877497-03:00 srv5 systemd[799]: Reached target exit.target - Exit the Session.
2026-01-19T18:12:54.925598-03:00 srv5 systemd[1]: user@1000.service: Deactivated successfully.
2026-01-19T18:12:54.927861-03:00 srv5 systemd[1]: Stopped user@1000.service - User Manager for UID 1000.
2026-01-19T18:12:55.053357-03:00 srv5 systemd[1]: Stopping user-runtime-dir@1000.service - User Runtime Directory /run/user/1000...
2026-01-19T18:12:55.145025-03:00 srv5 systemd[1]: run-user-1000.mount: Deactivated successfully.
2026-01-19T18:12:55.152281-03:00 srv5 systemd[1]: user-runtime-dir@1000.service: Deactivated successfully.
2026-01-19T18:12:55.153943-03:00 srv5 systemd[1]: Stopped user-runtime-dir@1000.service - User Runtime Directory /run/user/1000.
2026-01-19T18:12:55.164361-03:00 srv5 systemd[1]: Removed slice user-1000.slice - User Slice of UID 1000.
2026-01-19T18:12:55.167295-03:00 srv5 systemd[1]: user-1000.slice: Consumed 1min 26.821s CPU time, 271.1M memory peak.
2026-01-22T19:13:13.235077-03:00 srv5 systemd[1]: modprobe@drm.service: Deactivated successfully.
2026-01-22T19:13:13.239643-03:00 srv5 systemd[1]: Finished modprobe@drm.service - Load Kernel Module drm.
2026-01-22T19:13:13.239665-03:00 srv5 systemd[1]: Finished systemd-udev-load-credentials.service - Load udev Rules from Credentials.
2026-01-22T19:13:13.239672-03:00 srv5 systemd[1]: Mounted sys-fs-fuse-connections.mount - FUSE Control File System.
2026-01-22T19:13:13.239677-03:00 srv5 systemd[1]: Mounted sys-kernel-config.mount - Kernel Configuration File System.
2026-01-22T19:13:13.239683-03:00 srv5 systemd[1]: systemd-hwdb-update.service - Rebuild Hardware Database was skipped because of an unmet condition check (ConditionNeedsUpdate=/etc).
2026-01-22T19:13:13.239688-03:00 srv5 systemd[1]: Starting systemd-journal-flush.service - Flush Journal to Persistent Storage...
2026-01-22T19:13:13.239694-03:00 srv5 systemd[1]: systemd-pstore.service - Platform Persistent Storage Archival was skipped because of an unmet condition check (ConditionDirectoryNotEmpty=/sys/fs/pstore).
2026-01-22T19:13:13.239704-03:00 srv5 systemd[1]: Starting systemd-random-seed.service - Load/Save OS Random Seed...
2026-01-22T19:13:13.239709-03:00 srv5 systemd[1]: systemd-tpm2-setup.service - TPM SRK Setup was skipped because of an unmet condition check (ConditionSecurity=measured-uki).
2026-01-22T19:13:13.239715-03:00 srv5 systemd[1]: Finished systemd-sysctl.service - Apply Kernel Variables.
2026-01-22T19:13:13.239720-03:00 srv5 systemd[1]: Finished systemd-udev-trigger.service - Coldplug All udev Devices.
2026-01-22T19:13:13.239726-03:00 srv5 systemd[1]: Starting ifupdown-pre.service - Helper to synchronize boot up for ifupdown...
2026-01-22T19:13:13.239736-03:00 srv5 systemd[1]: Finished keyboard-setup.service - Set the console keyboard layout.
2026-01-22T19:13:13.239741-03:00 srv5 systemd[1]: Finished systemd-random-seed.service - Load/Save OS Random Seed.
2026-01-22T19:13:13.239748-03:00 srv5 systemd[1]: Finished systemd-tmpfiles-setup-dev-early.service - Create Static Device Nodes in /dev gracefully.
2026-01-22T19:13:13.239753-03:00 srv5 systemd[1]: systemd-sysusers.service - Create System Users was skipped because no trigger condition checks were met.
2026-01-22T19:13:13.239759-03:00 srv5 systemd[1]: Starting systemd-tmpfiles-setup-dev.service - Create Static Device Nodes in /dev...
2026-01-22T19:13:13.239765-03:00 srv5 systemd[1]: Finished systemd-tmpfiles-setup-dev.service - Create Static Device Nodes in /dev.
2026-01-22T19:13:13.239775-03:00 srv5 systemd[1]: Reached target local-fs-pre.target - Preparation for Local File Systems.
2026-01-22T19:13:13.239780-03:00 srv5 systemd[1]: Starting systemd-udevd.service - Rule-based Manager for Device Events and Files...
2026-01-22T19:13:13.239785-03:00 srv5 systemd-udevd[322]: Using default interface naming scheme 'v257'.
2026-01-22T19:13:13.239791-03:00 srv5 systemd[1]: Finished systemd-journal-flush.service - Flush Journal to Persistent Storage.
2026-01-22T19:13:13.239796-03:00 srv5 systemd[1]: Started systemd-udevd.service - Rule-based Manager for Device Events and Files.
2026-01-22T19:13:13.239805-03:00 srv5 systemd[1]: Expecting device sys-subsystem-net-devices-enp0s3.device - /sys/subsystem/net/devices/enp0s3...
2026-01-22T19:13:13.239811-03:00 srv5 systemd[1]: Found device sys-subsystem-net-devices-enp0s3.device - 82540EM Gigabit Ethernet Controller (PRO/1000 MT Desktop Adapter).
2026-01-22T19:13:13.239816-03:00 srv5 systemd[1]: Found device dev-disk-by\x2duuid-11c15728\x2d2b53\x2d44f8\x2d89e3\x2d04587a846f87.device - VBOX_HARDDISK 5.
2026-01-22T19:13:13.239822-03:00 srv5 systemd[1]: Activating swap dev-disk-by\x2duuid-11c15728\x2d2b53\x2d44f8\x2d89e3\x2d04587a846f87.swap - /dev/disk/by-uuid/11c15728-2b53-44f8-89e3-04587a846f87...
2026-01-22T19:13:13.239827-03:00 srv5 systemd[1]: Found device dev-disk-by\x2duuid-5ee3ee71\x2d9da9\x2d4ed1\x2dac98\x2d741b16c7752c.device - VBOX_HARDDISK 6.
2026-01-22T19:13:13.239837-03:00 srv5 systemd[1]: Starting systemd-fsck@dev-disk-by\x2duuid-5ee3ee71\x2d9da9\x2d4ed1\x2dac98\x2d741b16c7752c.service - File System Check on /dev/disk/by-uuid/5ee3ee71-9da9-4ed1-ac98-741b16c7752c...
2026-01-22T19:13:13.239942-03:00 srv5 systemd[1]: Activated swap dev-disk-by\x2duuid-11c15728\x2d2b53\x2d44f8\x2d89e3\x2d04587a846f87.swap - /dev/disk/by-uuid/11c15728-2b53-44f8-89e3-04587a846f87.
2026-01-22T19:13:13.239959-03:00 srv5 systemd[1]: Reached target swap.target - Swaps.
2026-01-22T19:13:13.239965-03:00 srv5 systemd[1]: tmp.mount: Directory /tmp to mount over is not empty, mounting anyway.
2026-01-22T19:13:13.239972-03:00 srv5 systemd[1]: Mounting tmp.mount - Temporary Directory /tmp...
2026-01-22T19:13:13.239978-03:00 srv5 systemd[1]: Mounted tmp.mount - Temporary Directory /tmp.
2026-01-22T19:13:13.239992-03:00 srv5 systemd[1]: Reached target sound.target - Sound Card.
2026-01-22T19:13:13.239998-03:00 srv5 systemd[1]: Finished ifupdown-pre.service - Helper to synchronize boot up for ifupdown.
2026-01-22T19:13:13.240003-03:00 srv5 systemd-fsck[435]: /dev/sda6: recovering journal
2026-01-22T19:13:13.240010-03:00 srv5 systemd-fsck[435]: /dev/sda6: clean, 21/1335296 files, 128385/5332480 blocks
2026-01-22T19:13:13.240018-03:00 srv5 systemd[1]: Finished systemd-fsck@dev-disk-by\x2duuid-5ee3ee71\x2d9da9\x2d4ed1\x2dac98\x2d741b16c7752c.service - File System Check on /dev/disk/by-uuid/5ee3ee71-9da9-4ed1-ac98-741b16c7752c.
2026-01-22T19:13:13.240023-03:00 srv5 systemd[1]: Mounting home.mount - /home...
2026-01-22T19:13:13.240032-03:00 srv5 systemd[1]: Mounted home.mount - /home.
2026-01-22T19:13:13.240038-03:00 srv5 systemd[1]: Reached target local-fs.target - Local File Systems.
2026-01-22T19:13:13.240043-03:00 srv5 systemd[1]: Listening on systemd-sysext.socket - System Extension Image Management.
2026-01-22T19:13:13.240049-03:00 srv5 systemd[1]: Starting apparmor.service - Load AppArmor profiles...
2026-01-22T19:13:13.240055-03:00 srv5 systemd[1]: Starting console-setup.service - Set console font and keymap...
2026-01-22T19:13:13.240060-03:00 srv5 systemd[1]: Starting systemd-binfmt.service - Set Up Additional Binary Formats...
2026-01-22T19:13:13.240069-03:00 srv5 systemd[1]: Starting systemd-tmpfiles-setup.service - Create System Files and Directories...
2026-01-22T19:13:13.240075-03:00 srv5 systemd[1]: Finished console-setup.service - Set console font and keymap.
2026-01-22T19:13:13.240080-03:00 srv5 systemd[1]: proc-sys-fs-binfmt_misc.automount: Got automount request for /proc/sys/fs/binfmt_misc, triggered by 465 (systemd-binfmt)
2026-01-22T19:13:13.240085-03:00 srv5 systemd[1]: Mounting proc-sys-fs-binfmt_misc.mount - Arbitrary Executable File Formats File System...
2026-01-22T19:13:13.240090-03:00 srv5 systemd-tmpfiles[467]: /usr/lib/tmpfiles.d/legacy.conf:14: Duplicate line for path "/run/lock", ignoring.
2026-01-22T19:13:13.240101-03:00 srv5 apparmor.systemd[463]: Restarting AppArmor
2026-01-22T19:13:13.240106-03:00 srv5 apparmor.systemd[463]: Reloading AppArmor profiles
2026-01-22T19:13:13.240112-03:00 srv5 systemd[1]: Mounted proc-sys-fs-binfmt_misc.mount - Arbitrary Executable File Formats File System.
2026-01-22T19:13:13.240118-03:00 srv5 systemd[1]: Finished systemd-binfmt.service - Set Up Additional Binary Formats.
2026-01-22T19:13:13.240123-03:00 srv5 systemd[1]: Finished systemd-tmpfiles-setup.service - Create System Files and Directories.
2026-01-22T19:13:13.240128-03:00 srv5 systemd[1]: ldconfig.service - Rebuild Dynamic Linker Cache was skipped because no trigger condition checks were met.
2026-01-22T19:13:13.240137-03:00 srv5 systemd[1]: systemd-firstboot.service - First Boot Wizard was skipped because of an unmet condition check (ConditionFirstBoot=yes).
2026-01-22T19:13:13.240143-03:00 srv5 systemd[1]: first-boot-complete.target - First Boot Complete was skipped because of an unmet condition check (ConditionFirstBoot=yes).
2026-01-22T19:13:13.240148-03:00 srv5 systemd[1]: systemd-journal-catalog-update.service - Rebuild Journal Catalog was skipped because of an unmet condition check (ConditionNeedsUpdate=/var).
2026-01-22T19:13:13.240154-03:00 srv5 systemd[1]: systemd-machine-id-commit.service - Save Transient machine-id to Disk was skipped because of an unmet condition check (ConditionPathIsMountPoint=/etc/machine-id).
2026-01-22T19:13:13.240159-03:00 srv5 systemd[1]: systemd-update-done.service - Update is Completed was skipped because no trigger condition checks were met.
2026-01-22T19:13:13.240169-03:00 srv5 systemd[1]: Finished apparmor.service - Load AppArmor profiles.
2026-01-22T19:13:13.240175-03:00 srv5 systemd[1]: Reached target sysinit.target - System Initialization.
2026-01-22T19:13:13.240180-03:00 srv5 systemd[1]: Started anacron.timer - Trigger anacron every hour.
2026-01-22T19:13:13.240185-03:00 srv5 systemd[1]: Started apt-daily.timer - Daily apt download activities.
2026-01-22T19:13:13.240191-03:00 srv5 systemd[1]: Started apt-daily-upgrade.timer - Daily apt upgrade and clean activities.
2026-01-22T19:13:13.240197-03:00 srv5 systemd[1]: Started dpkg-db-backup.timer - Daily dpkg database backup timer.
2026-01-22T19:13:13.240215-03:00 srv5 systemd[1]: Started e2scrub_all.timer - Periodic ext4 Online Metadata Check for All Filesystems.
2026-01-22T19:13:13.240220-03:00 srv5 systemd[1]: Started fstrim.timer - Discard unused filesystem blocks once a week.
2026-01-22T19:13:13.240226-03:00 srv5 systemd[1]: Started logrotate.timer - Daily rotation of log files.
2026-01-22T19:13:13.240231-03:00 srv5 systemd[1]: Started man-db.timer - Daily man-db regeneration.
2026-01-22T19:13:13.240236-03:00 srv5 systemd[1]: Started systemd-tmpfiles-clean.timer - Daily Cleanup of Temporary Directories.
2026-01-22T19:13:13.240242-03:00 srv5 systemd[1]: Reached target timers.target - Timer Units.
2026-01-22T19:13:13.240251-03:00 srv5 systemd[1]: Listening on dbus.socket - D-Bus System Message Bus Socket.
2026-01-22T19:13:13.240256-03:00 srv5 systemd[1]: Listening on sshd-unix-local.socket - OpenSSH Server Socket (systemd-ssh-generator, AF_UNIX Local).
2026-01-22T19:13:13.240262-03:00 srv5 systemd[1]: Listening on sshd-vsock.socket - OpenSSH Server Socket (systemd-ssh-generator, AF_VSOCK).
2026-01-22T19:13:13.240268-03:00 srv5 systemd[1]: Reached target ssh-access.target - SSH Access Available.
2026-01-22T19:13:13.240274-03:00 srv5 systemd[1]: Listening on systemd-hostnamed.socket - Hostname Service Socket.
2026-01-22T19:13:13.240279-03:00 srv5 systemd[1]: Reached target sockets.target - Socket Units.
2026-01-22T19:13:13.240288-03:00 srv5 systemd[1]: Started ifup@enp0s3.service - ifup for enp0s3.
2026-01-22T19:13:13.240293-03:00 srv5 systemd[1]: Starting networking.service - Raise network interfaces...
2026-01-22T19:13:13.240298-03:00 srv5 systemd[1]: systemd-pcrphase-sysinit.service - TPM PCR Barrier (Initialization) was skipped because of an unmet condition check (ConditionSecurity=measured-uki).
2026-01-22T19:13:13.240304-03:00 srv5 systemd[1]: Reached target basic.target - Basic System.
2026-01-22T19:13:13.240309-03:00 srv5 systemd[1]: System is tainted: unmerged-bin
2026-01-22T19:13:13.240314-03:00 srv5 systemd[1]: anacron.service - Run anacron jobs was skipped because of an unmet condition check (ConditionACPower=true).
2026-01-22T19:13:13.240323-03:00 srv5 systemd[1]: Starting chrony.service - chrony, an NTP client/server...
2026-01-22T19:13:13.240329-03:00 srv5 systemd[1]: Started cron.service - Regular background program processing daemon.
2026-01-22T19:13:13.240334-03:00 srv5 systemd[1]: Starting dbus.service - D-Bus System Message Bus...
2026-01-22T19:13:13.240340-03:00 srv5 systemd[1]: Starting e2scrub_reap.service - Remove Stale Online ext4 Metadata Check Snapshots...
2026-01-22T19:13:13.240345-03:00 srv5 systemd[1]: getty-static.service - getty on tty2-tty6 if dbus and logind are not available was skipped because of an unmet condition check (ConditionPathExists=!/usr/bin/dbus-daemon).
2026-01-22T19:13:13.240351-03:00 srv5 cron[586]: (CRON) INFO (pidfile fd = 3)
2026-01-22T19:13:13.240360-03:00 srv5 systemd[1]: Starting grub-common.service - Record successful boot for GRUB...
2026-01-22T19:13:13.240366-03:00 srv5 systemd[1]: Starting rsyslog.service - System Logging Service...
2026-01-22T19:13:13.240371-03:00 srv5 systemd[1]: sshd-keygen.service - Generate sshd host keys on first boot was skipped because of an unmet condition check (ConditionFirstBoot=yes).
2026-01-22T19:13:13.240377-03:00 srv5 cron[586]: (CRON) INFO (Running @reboot jobs)
2026-01-22T19:13:13.240382-03:00 srv5 systemd[1]: Starting systemd-logind.service - User Login Management...
2026-01-22T19:13:13.240387-03:00 srv5 systemd[1]: systemd-pcrphase.service - TPM PCR Barrier (User) was skipped because of an unmet condition check (ConditionSecurity=measured-uki).
2026-01-22T19:13:13.240397-03:00 srv5 systemd[1]: Starting wtmpdb-update-boot.service - Write boot and shutdown times into wtmpdb...
2026-01-22T19:13:13.240402-03:00 srv5 systemd[1]: Starting dpkg-db-backup.service - Daily dpkg database backup service...
2026-01-22T19:13:13.240433-03:00 srv5 systemd[1]: Started systemd-logind.service - User Login Management.
2026-01-22T19:13:13.240439-03:00 srv5 systemd[1]: Finished networking.service - Raise network interfaces.
2026-01-22T19:13:13.240444-03:00 srv5 systemd[1]: grub-common.service: Deactivated successfully.
2026-01-22T19:13:13.240449-03:00 srv5 systemd[1]: Finished grub-common.service - Record successful boot for GRUB.
2026-01-22T19:13:13.240455-03:00 srv5 ifup[611]: dhcpcd-10.1.0 starting
2026-01-22T19:13:13.240461-03:00 srv5 dhcpcd[611]: dhcpcd-10.1.0 starting
2026-01-22T19:13:13.240469-03:00 srv5 ifup[683]: DUID 00:01:00:01:30:da:e6:5d:08:00:27:8f:c3:88
2026-01-22T19:13:13.240475-03:00 srv5 dhcpcd[683]: DUID 00:01:00:01:30:da:e6:5d:08:00:27:8f:c3:88
2026-01-22T19:13:13.240480-03:00 srv5 systemd[1]: Started dbus.service - D-Bus System Message Bus.
2026-01-22T19:13:13.240486-03:00 srv5 dbus-daemon[590]: [system] Successfully activated service 'org.freedesktop.systemd1'
2026-01-22T19:13:13.240492-03:00 srv5 systemd[1]: Starting wpa_supplicant.service - WPA supplicant...
2026-01-22T19:13:13.238540-03:00 srv5 rsyslogd: imuxsock: Acquired UNIX socket '/run/systemd/journal/syslog' (fd 3) from systemd.  [v8.2504.0]
2026-01-22T19:13:13.238780-03:00 srv5 systemd[1]: Started rsyslog.service - System Logging Service.
2026-01-22T19:13:13.238892-03:00 srv5 rsyslogd: [origin software="rsyslogd" swVersion="8.2504.0" x-pid="595" x-info="https://www.rsyslog.com"] start
2026-01-22T19:13:13.239387-03:00 srv5 kernel: Linux version 6.12.57+deb13-amd64 (debian-kernel@lists.debian.org) (x86_64-linux-gnu-gcc-14 (Debian 14.2.0-19) 14.2.0, GNU ld (GNU Binutils for Debian) 2.44) #1 SMP PREEMPT_DYNAMIC Debian 6.12.57-1 (2025-11-05)
2026-01-22T19:13:13.241255-03:00 srv5 kernel: Command line: BOOT_IMAGE=/boot/vmlinuz-6.12.57+deb13-amd64 root=UUID=3c479c65-cc9a-4a16-ab6e-2915eecfa0e2 ro quiet
2026-01-22T19:13:13.241263-03:00 srv5 kernel: [Firmware Bug]: TSC doesn't count with P0 frequency!
2026-01-22T19:13:13.241264-03:00 srv5 kernel: BIOS-provided physical RAM map:
2026-01-22T19:13:13.241265-03:00 srv5 kernel: BIOS-e820: [mem 0x0000000000000000-0x000000000009fbff] usable
2026-01-22T19:13:13.241266-03:00 srv5 kernel: BIOS-e820: [mem 0x000000000009fc00-0x000000000009ffff] reserved
2026-01-22T19:13:13.241267-03:00 srv5 kernel: BIOS-e820: [mem 0x00000000000f0000-0x00000000000fffff] reserved
2026-01-22T19:13:13.241272-03:00 srv5 kernel: BIOS-e820: [mem 0x0000000000100000-0x000000007ffeffff] usable
2026-01-22T19:13:13.241273-03:00 srv5 kernel: BIOS-e820: [mem 0x000000007fff0000-0x000000007fffffff] ACPI data
2026-01-22T19:13:13.241274-03:00 srv5 kernel: BIOS-e820: [mem 0x00000000fec00000-0x00000000fec00fff] reserved
2026-01-22T19:13:13.241275-03:00 srv5 kernel: BIOS-e820: [mem 0x00000000fee00000-0x00000000fee00fff] reserved
2026-01-22T19:13:13.241276-03:00 srv5 kernel: BIOS-e820: [mem 0x00000000fffc0000-0x00000000ffffffff] reserved
2026-01-22T19:13:13.241277-03:00 srv5 kernel: NX (Execute Disable) protection: active
2026-01-22T19:13:13.241277-03:00 srv5 kernel: APIC: Static calls initialized
2026-01-22T19:13:13.241281-03:00 srv5 kernel: SMBIOS 2.5 present.
2026-01-22T19:13:13.241283-03:00 srv5 kernel: DMI: innotek GmbH VirtualBox/VirtualBox, BIOS VirtualBox 12/01/2006
2026-01-22T19:13:13.241284-03:00 srv5 kernel: DMI: Memory slots populated: 0/0
2026-01-22T19:13:13.241284-03:00 srv5 kernel: Hypervisor detected: KVM
2026-01-22T19:13:13.241285-03:00 srv5 kernel: last_pfn = 0x80000 max_arch_pfn = 0x400000000
2026-01-22T19:13:13.241286-03:00 srv5 kernel: kvm-clock: Using msrs 4b564d01 and 4b564d00
2026-01-22T19:13:13.241290-03:00 srv5 kernel: kvm-clock: using sched offset of 18144550939 cycles
2026-01-22T19:13:13.241291-03:00 srv5 kernel: clocksource: kvm-clock: mask: 0xffffffffffffffff max_cycles: 0x1cd42e4dffb, max_idle_ns: 881590591483 ns
2026-01-22T19:13:13.241292-03:00 srv5 kernel: tsc: Detected 2295.626 MHz processor
2026-01-22T19:13:13.241293-03:00 srv5 kernel: e820: update [mem 0x00000000-0x00000fff] usable ==> reserved
2026-01-22T19:13:13.241294-03:00 srv5 kernel: e820: remove [mem 0x000a0000-0x000fffff] usable
2026-01-22T19:13:13.241295-03:00 srv5 kernel: last_pfn = 0x80000 max_arch_pfn = 0x400000000
2026-01-22T19:13:13.241299-03:00 srv5 kernel: MTRR map: 3 entries (3 fixed + 0 variable; max 19), built from 8 variable MTRRs
2026-01-22T19:13:13.241300-03:00 srv5 kernel: x86/PAT: Configuration [0-7]: WB  WC  UC- UC  WB  WP  UC- WT  
2026-01-22T19:13:13.241301-03:00 srv5 kernel: CPU MTRRs all blank - virtualized system.
2026-01-22T19:13:13.241302-03:00 srv5 kernel: found SMP MP-table at [mem 0x0009fbf0-0x0009fbff]
2026-01-22T19:13:13.241303-03:00 srv5 kernel: RAMDISK: [mem 0x339e3000-0x35ce8fff]
2026-01-22T19:13:13.241304-03:00 srv5 kernel: ACPI: Early table checksum verification disabled
2026-01-22T19:13:13.241304-03:00 srv5 kernel: ACPI: RSDP 0x00000000000E0000 000024 (v02 VBOX  )
2026-01-22T19:13:13.241309-03:00 srv5 kernel: ACPI: XSDT 0x000000007FFF0030 00003C (v01 VBOX   VBOXXSDT 00000001 ASL  00000061)
2026-01-22T19:13:13.241310-03:00 srv5 kernel: ACPI: FACP 0x000000007FFF00F0 0000F4 (v04 VBOX   VBOXFACP 00000001 ASL  00000061)
2026-01-22T19:13:13.241311-03:00 srv5 kernel: ACPI: DSDT 0x000000007FFF0610 002353 (v02 VBOX   VBOXBIOS 00000002 INTL 20100528)
2026-01-22T19:13:13.241312-03:00 srv5 kernel: ACPI: FACS 0x000000007FFF0200 000040
2026-01-22T19:13:13.241313-03:00 srv5 kernel: ACPI: FACS 0x000000007FFF0200 000040
2026-01-22T19:13:13.241314-03:00 srv5 kernel: ACPI: APIC 0x000000007FFF0240 00005C (v02 VBOX   VBOXAPIC 00000001 ASL  00000061)
2026-01-22T19:13:13.241318-03:00 srv5 kernel: ACPI: SSDT 0x000000007FFF02A0 00036C (v01 VBOX   VBOXCPUT 00000002 INTL 20100528)
2026-01-22T19:13:13.241319-03:00 srv5 kernel: ACPI: Reserving FACP table memory at [mem 0x7fff00f0-0x7fff01e3]
2026-01-22T19:13:13.241320-03:00 srv5 kernel: ACPI: Reserving DSDT table memory at [mem 0x7fff0610-0x7fff2962]
2026-01-22T19:13:13.241321-03:00 srv5 kernel: ACPI: Reserving FACS table memory at [mem 0x7fff0200-0x7fff023f]
2026-01-22T19:13:13.241322-03:00 srv5 kernel: ACPI: Reserving FACS table memory at [mem 0x7fff0200-0x7fff023f]
2026-01-22T19:13:13.241323-03:00 srv5 kernel: ACPI: Reserving APIC table memory at [mem 0x7fff0240-0x7fff029b]
2026-01-22T19:13:13.241326-03:00 srv5 kernel: ACPI: Reserving SSDT table memory at [mem 0x7fff02a0-0x7fff060b]
2026-01-22T19:13:13.241328-03:00 srv5 kernel: No NUMA configuration found
2026-01-22T19:13:13.241329-03:00 srv5 kernel: Faking a node at [mem 0x0000000000000000-0x000000007fffffff]
2026-01-22T19:13:13.241329-03:00 srv5 kernel: NODE_DATA(0) allocated [mem 0x7ffc5680-0x7ffeffff]
2026-01-22T19:13:13.241330-03:00 srv5 kernel: Zone ranges:
2026-01-22T19:13:13.241331-03:00 srv5 kernel:   DMA      [mem 0x0000000000001000-0x0000000000ffffff]
2026-01-22T19:13:13.241332-03:00 srv5 kernel:   DMA32    [mem 0x0000000001000000-0x000000007fffffff]
2026-01-22T19:13:13.241336-03:00 srv5 kernel:   Normal   empty
2026-01-22T19:13:13.241337-03:00 srv5 kernel:   Device   empty
2026-01-22T19:13:13.241338-03:00 srv5 kernel: Movable zone start for each node
2026-01-22T19:13:13.241339-03:00 srv5 kernel: Early memory node ranges
2026-01-22T19:13:13.241340-03:00 srv5 kernel:   node   0: [mem 0x0000000000001000-0x000000000009efff]
2026-01-22T19:13:13.241341-03:00 srv5 kernel:   node   0: [mem 0x0000000000100000-0x000000007ffeffff]
2026-01-22T19:13:13.241345-03:00 srv5 kernel: Initmem setup node 0 [mem 0x0000000000001000-0x000000007ffeffff]
2026-01-22T19:13:13.241346-03:00 srv5 kernel: On node 0, zone DMA: 1 pages in unavailable ranges
2026-01-22T19:13:13.241347-03:00 srv5 kernel: On node 0, zone DMA: 97 pages in unavailable ranges
2026-01-22T19:13:13.241348-03:00 srv5 kernel: On node 0, zone DMA32: 16 pages in unavailable ranges
2026-01-22T19:13:13.241349-03:00 srv5 kernel: ACPI: PM-Timer IO Port: 0x4008
2026-01-22T19:13:13.241349-03:00 srv5 kernel: IOAPIC[0]: apic_id 2, version 32, address 0xfec00000, GSI 0-23
2026-01-22T19:13:13.241350-03:00 srv5 kernel: ACPI: INT_SRC_OVR (bus 0 bus_irq 0 global_irq 2 dfl dfl)
2026-01-22T19:13:13.241354-03:00 srv5 kernel: ACPI: INT_SRC_OVR (bus 0 bus_irq 9 global_irq 9 low level)
2026-01-22T19:13:13.241355-03:00 srv5 kernel: ACPI: Using ACPI (MADT) for SMP configuration information
2026-01-22T19:13:13.241356-03:00 srv5 kernel: CPU topo: Max. logical packages:   1
2026-01-22T19:13:13.241357-03:00 srv5 kernel: CPU topo: Max. logical dies:       1
2026-01-22T19:13:13.241358-03:00 srv5 kernel: CPU topo: Max. dies per package:   1
2026-01-22T19:13:13.241359-03:00 srv5 kernel: CPU topo: Max. threads per core:   1
2026-01-22T19:13:13.241363-03:00 srv5 kernel: CPU topo: Num. cores per package:     2
2026-01-22T19:13:13.241364-03:00 srv5 kernel: CPU topo: Num. threads per package:   2
2026-01-22T19:13:13.241365-03:00 srv5 kernel: CPU topo: Allowing 2 present CPUs plus 0 hotplug CPUs
2026-01-22T19:13:13.241366-03:00 srv5 kernel: PM: hibernation: Registered nosave memory: [mem 0x00000000-0x00000fff]
2026-01-22T19:13:13.241367-03:00 srv5 kernel: PM: hibernation: Registered nosave memory: [mem 0x0009f000-0x000fffff]
2026-01-22T19:13:13.241368-03:00 srv5 kernel: PM: hibernation: Registered nosave memory: [mem 0x7fff0000-0x7fffffff]
2026-01-22T19:13:13.241372-03:00 srv5 kernel: [mem 0x80000000-0xfebfffff] available for PCI devices
2026-01-22T19:13:13.241373-03:00 srv5 kernel: Booting paravirtualized kernel on KVM
2026-01-22T19:13:13.241374-03:00 srv5 kernel: clocksource: refined-jiffies: mask: 0xffffffff max_cycles: 0xffffffff, max_idle_ns: 7645519600211568 ns
2026-01-22T19:13:13.241375-03:00 srv5 kernel: setup_percpu: NR_CPUS:8192 nr_cpumask_bits:2 nr_cpu_ids:2 nr_node_ids:1
2026-01-22T19:13:13.241376-03:00 srv5 kernel: percpu: Embedded 66 pages/cpu s233472 r8192 d28672 u1048576
2026-01-22T19:13:13.241376-03:00 srv5 kernel: pcpu-alloc: s233472 r8192 d28672 u1048576 alloc=1*2097152
2026-01-22T19:13:13.241377-03:00 srv5 kernel: pcpu-alloc: [0] 0 1 
2026-01-22T19:13:13.241381-03:00 srv5 kernel: kvm-guest: PV spinlocks enabled
2026-01-22T19:13:13.241383-03:00 srv5 kernel: PV qspinlock hash table entries: 256 (order: 0, 4096 bytes, linear)
2026-01-22T19:13:13.241383-03:00 srv5 kernel: Kernel command line: BOOT_IMAGE=/boot/vmlinuz-6.12.57+deb13-amd64 root=UUID=3c479c65-cc9a-4a16-ab6e-2915eecfa0e2 ro quiet
2026-01-22T19:13:13.241384-03:00 srv5 kernel: random: crng init done
2026-01-22T19:13:13.241385-03:00 srv5 kernel: Dentry cache hash table entries: 262144 (order: 9, 2097152 bytes, linear)
2026-01-22T19:13:13.241386-03:00 srv5 kernel: Inode-cache hash table entries: 131072 (order: 8, 1048576 bytes, linear)
2026-01-22T19:13:13.241390-03:00 srv5 kernel: Fallback order for Node 0: 0 
2026-01-22T19:13:13.241391-03:00 srv5 kernel: Built 1 zonelists, mobility grouping on.  Total pages: 524174
2026-01-22T19:13:13.241392-03:00 srv5 kernel: Policy zone: DMA32
2026-01-22T19:13:13.241393-03:00 srv5 kernel: mem auto-init: stack:all(zero), heap alloc:on, heap free:off
2026-01-22T19:13:13.241394-03:00 srv5 kernel: SLUB: HWalign=64, Order=0-3, MinObjects=0, CPUs=2, Nodes=1
2026-01-22T19:13:13.241395-03:00 srv5 kernel: ftrace: allocating 45728 entries in 179 pages
2026-01-22T19:13:13.241399-03:00 srv5 kernel: ftrace: allocated 179 pages with 5 groups
2026-01-22T19:13:13.241400-03:00 srv5 kernel: Dynamic Preempt: voluntary
2026-01-22T19:13:13.241401-03:00 srv5 kernel: rcu: Preemptible hierarchical RCU implementation.
2026-01-22T19:13:13.241402-03:00 srv5 kernel: rcu: 	RCU restricting CPUs from NR_CPUS=8192 to nr_cpu_ids=2.
2026-01-22T19:13:13.241403-03:00 srv5 kernel: 	Trampoline variant of Tasks RCU enabled.
2026-01-22T19:13:13.241404-03:00 srv5 kernel: 	Rude variant of Tasks RCU enabled.
2026-01-22T19:13:13.241405-03:00 srv5 kernel: 	Tracing variant of Tasks RCU enabled.
2026-01-22T19:13:13.241409-03:00 srv5 kernel: rcu: RCU calculated value of scheduler-enlistment delay is 25 jiffies.
2026-01-22T19:13:13.241410-03:00 srv5 kernel: rcu: Adjusting geometry for rcu_fanout_leaf=16, nr_cpu_ids=2
2026-01-22T19:13:13.241411-03:00 srv5 kernel: RCU Tasks: Setting shift to 1 and lim to 1 rcu_task_cb_adjust=1 rcu_task_cpu_ids=2.
2026-01-22T19:13:13.241412-03:00 srv5 kernel: RCU Tasks Rude: Setting shift to 1 and lim to 1 rcu_task_cb_adjust=1 rcu_task_cpu_ids=2.
2026-01-22T19:13:13.241413-03:00 srv5 kernel: RCU Tasks Trace: Setting shift to 1 and lim to 1 rcu_task_cb_adjust=1 rcu_task_cpu_ids=2.
2026-01-22T19:13:13.241414-03:00 srv5 kernel: NR_IRQS: 524544, nr_irqs: 440, preallocated irqs: 16
2026-01-22T19:13:13.241542-03:00 srv5 kernel: rcu: srcu_init: Setting srcu_struct sizes based on contention.
2026-01-22T19:13:13.241543-03:00 srv5 kernel: Console: colour VGA+ 80x25
2026-01-22T19:13:13.241544-03:00 srv5 kernel: printk: legacy console [tty0] enabled
2026-01-22T19:13:13.241545-03:00 srv5 kernel: ACPI: Core revision 20240827
2026-01-22T19:13:13.241546-03:00 srv5 kernel: APIC: Switch to symmetric I/O mode setup
2026-01-22T19:13:13.241547-03:00 srv5 kernel: ..TIMER: vector=0x30 apic1=0 pin1=2 apic2=-1 pin2=-1
2026-01-22T19:13:13.241551-03:00 srv5 kernel: clocksource: tsc-early: mask: 0xffffffffffffffff max_cycles: 0x2117114894f, max_idle_ns: 440795250968 ns
2026-01-22T19:13:13.241552-03:00 srv5 kernel: Calibrating delay loop (skipped) preset value.. 4591.25 BogoMIPS (lpj=9182504)
2026-01-22T19:13:13.241553-03:00 srv5 kernel: AMD Zen1 DIV0 bug detected. Disable SMT for full protection.
2026-01-22T19:13:13.241554-03:00 srv5 kernel: Last level iTLB entries: 4KB 1024, 2MB 1024, 4MB 512
2026-01-22T19:13:13.241555-03:00 srv5 kernel: Last level dTLB entries: 4KB 1536, 2MB 1536, 4MB 768, 1GB 0
2026-01-22T19:13:13.241556-03:00 srv5 kernel: Spectre V1 : Mitigation: usercopy/swapgs barriers and __user pointer sanitization
2026-01-22T19:13:13.241557-03:00 srv5 kernel: Spectre V2 : Mitigation: Retpolines
2026-01-22T19:13:13.241561-03:00 srv5 kernel: Spectre V2 : Spectre v2 / SpectreRSB: Filling RSB on context switch and VMEXIT
2026-01-22T19:13:13.241562-03:00 srv5 kernel: active return thunk: retbleed_return_thunk
2026-01-22T19:13:13.241563-03:00 srv5 kernel: RETBleed: Mitigation: untrained return thunk
2026-01-22T19:13:13.241564-03:00 srv5 kernel: Speculative Return Stack Overflow: IBPB-extending microcode not applied!
2026-01-22T19:13:13.241565-03:00 srv5 kernel: Speculative Return Stack Overflow: WARNING: See https://kernel.org/doc/html/latest/admin-guide/hw-vuln/srso.html for mitigation options.
2026-01-22T19:13:13.241566-03:00 srv5 kernel: active return thunk: srso_return_thunk
2026-01-22T19:13:13.241571-03:00 srv5 kernel: Speculative Return Stack Overflow: Vulnerable: Safe RET, no microcode
2026-01-22T19:13:13.241572-03:00 srv5 kernel: x86/fpu: x87 FPU will use FXSAVE
2026-01-22T19:13:13.241573-03:00 srv5 kernel: Freeing SMP alternatives memory: 40K
2026-01-22T19:13:13.241573-03:00 srv5 kernel: pid_max: default: 32768 minimum: 301
2026-01-22T19:13:13.241574-03:00 srv5 kernel: LSM: initializing lsm=lockdown,capability,landlock,yama,apparmor,tomoyo,bpf,ipe,ima,evm
2026-01-22T19:13:13.241575-03:00 srv5 kernel: landlock: Up and running.
2026-01-22T19:13:13.241580-03:00 srv5 kernel: Yama: disabled by default; enable with sysctl kernel.yama.*
2026-01-22T19:13:13.241581-03:00 srv5 kernel: AppArmor: AppArmor initialized
2026-01-22T19:13:13.241582-03:00 srv5 kernel: TOMOYO Linux initialized
2026-01-22T19:13:13.241583-03:00 srv5 kernel: LSM support for eBPF active
2026-01-22T19:13:13.241584-03:00 srv5 kernel: Mount-cache hash table entries: 4096 (order: 3, 32768 bytes, linear)
2026-01-22T19:13:13.241584-03:00 srv5 kernel: Mountpoint-cache hash table entries: 4096 (order: 3, 32768 bytes, linear)
2026-01-22T19:13:13.241589-03:00 srv5 kernel: smpboot: CPU0: AMD Ryzen 7 3750H with Radeon Vega Mobile Gfx (family: 0x17, model: 0x18, stepping: 0x1)
2026-01-22T19:13:13.241590-03:00 srv5 kernel: Performance Events: PMU not available due to virtualization, using software events only.
2026-01-22T19:13:13.241591-03:00 srv5 kernel: signal: max sigframe size: 1440
2026-01-22T19:13:13.241592-03:00 srv5 kernel: rcu: Hierarchical SRCU implementation.
2026-01-22T19:13:13.241593-03:00 srv5 kernel: rcu: 	Max phase no-delay instances is 1000.
2026-01-22T19:13:13.241593-03:00 srv5 kernel: Timer migration: 1 hierarchy levels; 8 children per group; 1 crossnode level
2026-01-22T19:13:13.241594-03:00 srv5 kernel: NMI watchdog: Perf NMI watchdog permanently disabled
2026-01-22T19:13:13.241599-03:00 srv5 kernel: smp: Bringing up secondary CPUs ...
2026-01-22T19:13:13.241600-03:00 srv5 kernel: smpboot: x86: Booting SMP configuration:
2026-01-22T19:13:13.241601-03:00 srv5 kernel: .... node  #0, CPUs:      #1
2026-01-22T19:13:13.241602-03:00 srv5 kernel: smp: Brought up 1 node, 2 CPUs
2026-01-22T19:13:13.241603-03:00 srv5 kernel: smpboot: Total of 2 processors activated (9182.50 BogoMIPS)
2026-01-22T19:13:13.241604-03:00 srv5 kernel: node 0 deferred pages initialised in 8ms
2026-01-22T19:13:13.241608-03:00 srv5 kernel: Memory: 1974380K/2096696K available (16384K kernel code, 2496K rwdata, 11800K rodata, 4152K init, 4936K bss, 118200K reserved, 0K cma-reserved)
2026-01-22T19:13:13.241609-03:00 srv5 kernel: devtmpfs: initialized
2026-01-22T19:13:13.241610-03:00 srv5 kernel: x86/mm: Memory block size: 128MB
2026-01-22T19:13:13.241611-03:00 srv5 kernel: clocksource: jiffies: mask: 0xffffffff max_cycles: 0xffffffff, max_idle_ns: 7645041785100000 ns
2026-01-22T19:13:13.241612-03:00 srv5 kernel: futex hash table entries: 512 (order: 3, 32768 bytes, linear)
2026-01-22T19:13:13.241613-03:00 srv5 kernel: pinctrl core: initialized pinctrl subsystem
2026-01-22T19:13:13.241617-03:00 srv5 kernel: NET: Registered PF_NETLINK/PF_ROUTE protocol family
2026-01-22T19:13:13.241618-03:00 srv5 kernel: DMA: preallocated 256 KiB GFP_KERNEL pool for atomic allocations
2026-01-22T19:13:13.241619-03:00 srv5 kernel: DMA: preallocated 256 KiB GFP_KERNEL|GFP_DMA pool for atomic allocations
2026-01-22T19:13:13.241620-03:00 srv5 kernel: DMA: preallocated 256 KiB GFP_KERNEL|GFP_DMA32 pool for atomic allocations
2026-01-22T19:13:13.241621-03:00 srv5 kernel: audit: initializing netlink subsys (disabled)
2026-01-22T19:13:13.241622-03:00 srv5 kernel: audit: type=2000 audit(1769119991.072:1): state=initialized audit_enabled=0 res=1
2026-01-22T19:13:13.241623-03:00 srv5 kernel: thermal_sys: Registered thermal governor 'fair_share'
2026-01-22T19:13:13.241627-03:00 srv5 kernel: thermal_sys: Registered thermal governor 'bang_bang'
2026-01-22T19:13:13.241628-03:00 srv5 kernel: thermal_sys: Registered thermal governor 'step_wise'
2026-01-22T19:13:13.241629-03:00 srv5 kernel: thermal_sys: Registered thermal governor 'user_space'
2026-01-22T19:13:13.241630-03:00 srv5 kernel: thermal_sys: Registered thermal governor 'power_allocator'
2026-01-22T19:13:13.241631-03:00 srv5 kernel: cpuidle: using governor ladder
2026-01-22T19:13:13.241632-03:00 srv5 kernel: cpuidle: using governor menu
2026-01-22T19:13:13.241636-03:00 srv5 kernel: acpiphp: ACPI Hot Plug PCI Controller Driver version: 0.5
2026-01-22T19:13:13.241637-03:00 srv5 kernel: PCI: Using configuration type 1 for base access
2026-01-22T19:13:13.241638-03:00 srv5 kernel: PCI: Using configuration type 1 for extended access
2026-01-22T19:13:13.241638-03:00 srv5 kernel: mtrr: your CPUs had inconsistent variable MTRR settings
2026-01-22T19:13:13.241639-03:00 srv5 kernel: mtrr: probably your BIOS does not setup all CPUs.
2026-01-22T19:13:13.241640-03:00 srv5 kernel: mtrr: corrected configuration.
2026-01-22T19:13:13.241644-03:00 srv5 kernel: kprobes: kprobe jump-optimization is enabled. All kprobes are optimized if possible.
2026-01-22T19:13:13.241646-03:00 srv5 kernel: HugeTLB: registered 2.00 MiB page size, pre-allocated 0 pages
2026-01-22T19:13:13.241647-03:00 srv5 kernel: HugeTLB: 28 KiB vmemmap can be freed for a 2.00 MiB page
2026-01-22T19:13:13.241647-03:00 srv5 kernel: ACPI: Added _OSI(Module Device)
2026-01-22T19:13:13.241648-03:00 srv5 kernel: ACPI: Added _OSI(Processor Device)
2026-01-22T19:13:13.241649-03:00 srv5 kernel: ACPI: Added _OSI(Processor Aggregator Device)
2026-01-22T19:13:13.241650-03:00 srv5 kernel: ACPI: 2 ACPI AML tables successfully acquired and loaded
2026-01-22T19:13:13.241662-03:00 srv5 kernel: ACPI: Interpreter enabled
2026-01-22T19:13:13.241663-03:00 srv5 kernel: ACPI: PM: (supports S0 S5)
2026-01-22T19:13:13.241664-03:00 srv5 kernel: ACPI: Using IOAPIC for interrupt routing
2026-01-22T19:13:13.241664-03:00 srv5 kernel: PCI: Using host bridge windows from ACPI; if necessary, use "pci=nocrs" and report a bug
2026-01-22T19:13:13.241665-03:00 srv5 kernel: PCI: Using E820 reservations for host bridge windows
2026-01-22T19:13:13.241666-03:00 srv5 kernel: ACPI: Enabled 2 GPEs in block 00 to 07
2026-01-22T19:13:13.241670-03:00 srv5 kernel: ACPI: PCI Root Bridge [PCI0] (domain 0000 [bus 00-ff])
2026-01-22T19:13:13.241672-03:00 srv5 kernel: acpi PNP0A03:00: _OSC: OS supports [ExtendedConfig ASPM ClockPM Segments MSI HPX-Type3]
2026-01-22T19:13:13.241672-03:00 srv5 kernel: acpi PNP0A03:00: _OSC: platform does not support [PCIeCapability LTR]
2026-01-22T19:13:13.241673-03:00 srv5 kernel: acpi PNP0A03:00: _OSC: not requesting control; platform does not support [PCIeCapability]
2026-01-22T19:13:13.241674-03:00 srv5 kernel: acpi PNP0A03:00: _OSC: OS requested [PCIeHotplug SHPCHotplug PME AER PCIeCapability LTR]
2026-01-22T19:13:13.241675-03:00 srv5 kernel: acpi PNP0A03:00: _OSC: platform willing to grant [PCIeHotplug SHPCHotplug PME AER]
2026-01-22T19:13:13.241676-03:00 srv5 kernel: acpi PNP0A03:00: _OSC: platform retains control of PCIe features (AE_SUPPORT)
2026-01-22T19:13:13.241680-03:00 srv5 kernel: PCI host bridge to bus 0000:00
2026-01-22T19:13:13.241682-03:00 srv5 kernel: pci_bus 0000:00: root bus resource [io  0x0000-0x0cf7 window]
2026-01-22T19:13:13.241683-03:00 srv5 kernel: pci_bus 0000:00: root bus resource [io  0x0d00-0xffff window]
2026-01-22T19:13:13.241683-03:00 srv5 kernel: pci_bus 0000:00: root bus resource [mem 0x000a0000-0x000bffff window]
2026-01-22T19:13:13.241684-03:00 srv5 kernel: pci_bus 0000:00: root bus resource [mem 0x80000000-0xfdffffff window]
2026-01-22T19:13:13.241685-03:00 srv5 kernel: pci_bus 0000:00: root bus resource [bus 00-ff]
2026-01-22T19:13:13.241696-03:00 srv5 kernel: pci 0000:00:00.0: [8086:1237] type 00 class 0x060000 conventional PCI endpoint
2026-01-22T19:13:13.241697-03:00 srv5 kernel: pci 0000:00:01.0: [8086:7000] type 00 class 0x060100 conventional PCI endpoint
2026-01-22T19:13:13.241698-03:00 srv5 kernel: pci 0000:00:01.1: [8086:7111] type 00 class 0x01018a conventional PCI endpoint
2026-01-22T19:13:13.241699-03:00 srv5 kernel: pci 0000:00:01.1: BAR 4 [io  0xd000-0xd00f]
2026-01-22T19:13:13.241700-03:00 srv5 kernel: pci 0000:00:01.1: BAR 0 [io  0x01f0-0x01f7]: legacy IDE quirk
2026-01-22T19:13:13.241701-03:00 srv5 kernel: pci 0000:00:01.1: BAR 1 [io  0x03f6]: legacy IDE quirk
2026-01-22T19:13:13.241709-03:00 srv5 kernel: pci 0000:00:01.1: BAR 2 [io  0x0170-0x0177]: legacy IDE quirk
2026-01-22T19:13:13.241710-03:00 srv5 kernel: pci 0000:00:01.1: BAR 3 [io  0x0376]: legacy IDE quirk
2026-01-22T19:13:13.241711-03:00 srv5 kernel: pci 0000:00:02.0: [15ad:0405] type 00 class 0x030000 conventional PCI endpoint
2026-01-22T19:13:13.241712-03:00 srv5 kernel: pci 0000:00:02.0: BAR 0 [io  0xd010-0xd01f]
2026-01-22T19:13:13.241713-03:00 srv5 kernel: pci 0000:00:02.0: BAR 1 [mem 0xe0000000-0xe0ffffff pref]
2026-01-22T19:13:13.241714-03:00 srv5 kernel: pci 0000:00:02.0: BAR 2 [mem 0xf0000000-0xf01fffff]
2026-01-22T19:13:13.242020-03:00 srv5 kernel: pci 0000:00:02.0: Video device with shadowed ROM at [mem 0x000c0000-0x000dffff]
2026-01-22T19:13:13.242042-03:00 srv5 kernel: pci 0000:00:03.0: [8086:100e] type 00 class 0x020000 conventional PCI endpoint
2026-01-22T19:13:13.242043-03:00 srv5 kernel: pci 0000:00:03.0: BAR 0 [mem 0xf0200000-0xf021ffff]
2026-01-22T19:13:13.242044-03:00 srv5 kernel: pci 0000:00:03.0: BAR 2 [io  0xd020-0xd027]
2026-01-22T19:13:13.242045-03:00 srv5 kernel: pci 0000:00:04.0: [80ee:cafe] type 00 class 0x088000 conventional PCI endpoint
2026-01-22T19:13:13.242046-03:00 srv5 kernel: pci 0000:00:04.0: BAR 0 [io  0xd040-0xd05f]
2026-01-22T19:13:13.242047-03:00 srv5 kernel: pci 0000:00:04.0: BAR 1 [mem 0xf0400000-0xf07fffff]
2026-01-22T19:13:13.242054-03:00 srv5 kernel: pci 0000:00:04.0: BAR 2 [mem 0xf0800000-0xf0803fff pref]
2026-01-22T19:13:13.242055-03:00 srv5 kernel: pci 0000:00:05.0: [8086:2415] type 00 class 0x040100 conventional PCI endpoint
2026-01-22T19:13:13.242056-03:00 srv5 kernel: pci 0000:00:05.0: BAR 0 [io  0xd100-0xd1ff]
2026-01-22T19:13:13.242057-03:00 srv5 kernel: pci 0000:00:05.0: BAR 1 [io  0xd200-0xd23f]
2026-01-22T19:13:13.242058-03:00 srv5 kernel: pci 0000:00:06.0: [106b:003f] type 00 class 0x0c0310 conventional PCI endpoint
2026-01-22T19:13:13.242059-03:00 srv5 kernel: pci 0000:00:06.0: BAR 0 [mem 0xf0804000-0xf0804fff]
2026-01-22T19:13:13.242060-03:00 srv5 kernel: pci 0000:00:07.0: [8086:7113] type 00 class 0x068000 conventional PCI endpoint
2026-01-22T19:13:13.242067-03:00 srv5 kernel: pci 0000:00:07.0: quirk: [io  0x4000-0x403f] claimed by PIIX4 ACPI
2026-01-22T19:13:13.242068-03:00 srv5 kernel: pci 0000:00:07.0: quirk: [io  0x4100-0x410f] claimed by PIIX4 SMB
2026-01-22T19:13:13.242069-03:00 srv5 kernel: pci 0000:00:08.0: [8086:100e] type 00 class 0x020000 conventional PCI endpoint
2026-01-22T19:13:13.242070-03:00 srv5 kernel: pci 0000:00:08.0: BAR 0 [mem 0xf0820000-0xf083ffff]
2026-01-22T19:13:13.242071-03:00 srv5 kernel: pci 0000:00:08.0: BAR 2 [io  0xd240-0xd247]
2026-01-22T19:13:13.242072-03:00 srv5 kernel: pci 0000:00:0b.0: [8086:265c] type 00 class 0x0c0320 conventional PCI endpoint
2026-01-22T19:13:13.242079-03:00 srv5 kernel: pci 0000:00:0b.0: BAR 0 [mem 0xf0840000-0xf0840fff]
2026-01-22T19:13:13.242080-03:00 srv5 kernel: pci 0000:00:0d.0: [8086:2829] type 00 class 0x010601 conventional PCI endpoint
2026-01-22T19:13:13.242081-03:00 srv5 kernel: pci 0000:00:0d.0: BAR 0 [io  0xd248-0xd24f]
2026-01-22T19:13:13.242082-03:00 srv5 kernel: pci 0000:00:0d.0: BAR 1 [io  0xd250-0xd253]
2026-01-22T19:13:13.242083-03:00 srv5 kernel: pci 0000:00:0d.0: BAR 2 [io  0xd258-0xd25f]
2026-01-22T19:13:13.242084-03:00 srv5 kernel: pci 0000:00:0d.0: BAR 3 [io  0xd260-0xd263]
2026-01-22T19:13:13.242092-03:00 srv5 kernel: pci 0000:00:0d.0: BAR 4 [io  0xd270-0xd27f]
2026-01-22T19:13:13.242093-03:00 srv5 kernel: pci 0000:00:0d.0: BAR 5 [mem 0xf0842000-0xf0843fff]
2026-01-22T19:13:13.242094-03:00 srv5 kernel: ACPI: PCI: Interrupt link LNKA configured for IRQ 11
2026-01-22T19:13:13.242095-03:00 srv5 kernel: ACPI: PCI: Interrupt link LNKB configured for IRQ 10
2026-01-22T19:13:13.242096-03:00 srv5 kernel: ACPI: PCI: Interrupt link LNKC configured for IRQ 9
2026-01-22T19:13:13.242096-03:00 srv5 kernel: ACPI: PCI: Interrupt link LNKD configured for IRQ 11
2026-01-22T19:13:13.242097-03:00 srv5 kernel: iommu: Default domain type: Translated
2026-01-22T19:13:13.242104-03:00 srv5 kernel: iommu: DMA domain TLB invalidation policy: lazy mode
2026-01-22T19:13:13.242105-03:00 srv5 kernel: pps_core: LinuxPPS API ver. 1 registered
2026-01-22T19:13:13.242106-03:00 srv5 kernel: pps_core: Software ver. 5.3.6 - Copyright 2005-2007 Rodolfo Giometti <giometti@linux.it>
2026-01-22T19:13:13.242107-03:00 srv5 kernel: PTP clock support registered
2026-01-22T19:13:13.242108-03:00 srv5 kernel: EDAC MC: Ver: 3.0.0
2026-01-22T19:13:13.242109-03:00 srv5 kernel: NetLabel: Initializing
2026-01-22T19:13:13.242116-03:00 srv5 kernel: NetLabel:  domain hash size = 128
2026-01-22T19:13:13.242117-03:00 srv5 kernel: NetLabel:  protocols = UNLABELED CIPSOv4 CALIPSO
2026-01-22T19:13:13.242118-03:00 srv5 kernel: NetLabel:  unlabeled traffic allowed by default
2026-01-22T19:13:13.242119-03:00 srv5 kernel: PCI: Using ACPI for IRQ routing
2026-01-22T19:13:13.242120-03:00 srv5 kernel: PCI: pci_cache_line_size set to 64 bytes
2026-01-22T19:13:13.242121-03:00 srv5 kernel: e820: reserve RAM buffer [mem 0x0009fc00-0x0009ffff]
2026-01-22T19:13:13.242122-03:00 srv5 kernel: e820: reserve RAM buffer [mem 0x7fff0000-0x7fffffff]
2026-01-22T19:13:13.242128-03:00 srv5 kernel: pci 0000:00:02.0: vgaarb: setting as boot VGA device
2026-01-22T19:13:13.242130-03:00 srv5 kernel: pci 0000:00:02.0: vgaarb: bridge control possible
2026-01-22T19:13:13.242131-03:00 srv5 kernel: pci 0000:00:02.0: vgaarb: VGA device added: decodes=io+mem,owns=io+mem,locks=none
2026-01-22T19:13:13.242131-03:00 srv5 kernel: vgaarb: loaded
2026-01-22T19:13:13.242132-03:00 srv5 kernel: clocksource: Switched to clocksource kvm-clock
2026-01-22T19:13:13.242133-03:00 srv5 kernel: VFS: Disk quotas dquot_6.6.0
2026-01-22T19:13:13.242140-03:00 srv5 kernel: VFS: Dquot-cache hash table entries: 512 (order 0, 4096 bytes)
2026-01-22T19:13:13.242141-03:00 srv5 kernel: AppArmor: AppArmor Filesystem Enabled
2026-01-22T19:13:13.242142-03:00 srv5 kernel: pnp: PnP ACPI init
2026-01-22T19:13:13.242143-03:00 srv5 kernel: pnp: PnP ACPI: found 2 devices
2026-01-22T19:13:13.242144-03:00 srv5 kernel: clocksource: acpi_pm: mask: 0xffffff max_cycles: 0xffffff, max_idle_ns: 2085701024 ns
2026-01-22T19:13:13.242145-03:00 srv5 kernel: NET: Registered PF_INET protocol family
2026-01-22T19:13:13.242152-03:00 srv5 kernel: IP idents hash table entries: 32768 (order: 6, 262144 bytes, linear)
2026-01-22T19:13:13.242153-03:00 srv5 kernel: tcp_listen_portaddr_hash hash table entries: 1024 (order: 2, 16384 bytes, linear)
2026-01-22T19:13:13.242154-03:00 srv5 kernel: Table-perturb hash table entries: 65536 (order: 6, 262144 bytes, linear)
2026-01-22T19:13:13.242155-03:00 srv5 kernel: TCP established hash table entries: 16384 (order: 5, 131072 bytes, linear)
2026-01-22T19:13:13.242156-03:00 srv5 kernel: TCP bind hash table entries: 16384 (order: 7, 524288 bytes, linear)
2026-01-22T19:13:13.242157-03:00 srv5 kernel: TCP: Hash tables configured (established 16384 bind 16384)
2026-01-22T19:13:13.242157-03:00 srv5 kernel: MPTCP token hash table entries: 2048 (order: 3, 49152 bytes, linear)
2026-01-22T19:13:13.242164-03:00 srv5 kernel: UDP hash table entries: 1024 (order: 3, 32768 bytes, linear)
2026-01-22T19:13:13.242165-03:00 srv5 kernel: UDP-Lite hash table entries: 1024 (order: 3, 32768 bytes, linear)
2026-01-22T19:13:13.242166-03:00 srv5 kernel: NET: Registered PF_UNIX/PF_LOCAL protocol family
2026-01-22T19:13:13.242167-03:00 srv5 kernel: NET: Registered PF_XDP protocol family
2026-01-22T19:13:13.242168-03:00 srv5 kernel: pci_bus 0000:00: resource 4 [io  0x0000-0x0cf7 window]
2026-01-22T19:13:13.242169-03:00 srv5 kernel: pci_bus 0000:00: resource 5 [io  0x0d00-0xffff window]
2026-01-22T19:13:13.242176-03:00 srv5 kernel: pci_bus 0000:00: resource 6 [mem 0x000a0000-0x000bffff window]
2026-01-22T19:13:13.242178-03:00 srv5 kernel: pci_bus 0000:00: resource 7 [mem 0x80000000-0xfdffffff window]
2026-01-22T19:13:13.242178-03:00 srv5 kernel: pci 0000:00:00.0: Limiting direct PCI/PCI transfers
2026-01-22T19:13:13.242179-03:00 srv5 kernel: PCI: CLS 0 bytes, default 64
2026-01-22T19:13:13.242180-03:00 srv5 kernel: clocksource: tsc: mask: 0xffffffffffffffff max_cycles: 0x2117114894f, max_idle_ns: 440795250968 ns
2026-01-22T19:13:13.242181-03:00 srv5 kernel: Trying to unpack rootfs image as initramfs...
2026-01-22T19:13:13.242182-03:00 srv5 kernel: clocksource: Switched to clocksource tsc
2026-01-22T19:13:13.242189-03:00 srv5 kernel: platform rtc_cmos: registered platform RTC device (no PNP device found)
2026-01-22T19:13:13.242190-03:00 srv5 kernel: Initialise system trusted keyrings
2026-01-22T19:13:13.242191-03:00 srv5 kernel: Key type blacklist registered
2026-01-22T19:13:13.242192-03:00 srv5 kernel: workingset: timestamp_bits=36 max_order=19 bucket_order=0
2026-01-22T19:13:13.242193-03:00 srv5 kernel: zbud: loaded
2026-01-22T19:13:13.242194-03:00 srv5 kernel: fuse: init (API version 7.41)
2026-01-22T19:13:13.242200-03:00 srv5 kernel: integrity: Platform Keyring initialized
2026-01-22T19:13:13.242202-03:00 srv5 kernel: integrity: Machine keyring initialized
2026-01-22T19:13:13.242203-03:00 srv5 kernel: Key type asymmetric registered
2026-01-22T19:13:13.242203-03:00 srv5 kernel: Asymmetric key parser 'x509' registered
2026-01-22T19:13:13.242204-03:00 srv5 kernel: Freeing initrd memory: 35864K
2026-01-22T19:13:13.242205-03:00 srv5 kernel: Block layer SCSI generic (bsg) driver version 0.4 loaded (major 246)
2026-01-22T19:13:13.242212-03:00 srv5 kernel: io scheduler mq-deadline registered
2026-01-22T19:13:13.242213-03:00 srv5 kernel: ledtrig-cpu: registered to indicate activity on CPUs
2026-01-22T19:13:13.242214-03:00 srv5 kernel: shpchp: Standard Hot Plug PCI Controller Driver version: 0.4
2026-01-22T19:13:13.242215-03:00 srv5 kernel: Serial: 8250/16550 driver, 4 ports, IRQ sharing enabled
2026-01-22T19:13:13.242216-03:00 srv5 kernel: Linux agpgart interface v0.103
2026-01-22T19:13:13.242217-03:00 srv5 kernel: i8042: PNP: PS/2 Controller [PNP0303:PS2K,PNP0f03:PS2M] at 0x60,0x64 irq 1,12
2026-01-22T19:13:13.242218-03:00 srv5 kernel: serio: i8042 KBD port at 0x60,0x64 irq 1
2026-01-22T19:13:13.242225-03:00 srv5 kernel: serio: i8042 AUX port at 0x60,0x64 irq 12
2026-01-22T19:13:13.242226-03:00 srv5 kernel: mousedev: PS/2 mouse device common for all mice
2026-01-22T19:13:13.242227-03:00 srv5 kernel: rtc_cmos rtc_cmos: registered as rtc0
2026-01-22T19:13:13.242228-03:00 srv5 kernel: rtc_cmos rtc_cmos: setting system clock to 2026-01-22T22:12:52 UTC (1769119972)
2026-01-22T19:13:13.242229-03:00 srv5 kernel: rtc_cmos rtc_cmos: alarms up to one day, 114 bytes nvram
2026-01-22T19:13:13.242230-03:00 srv5 kernel: input: AT Translated Set 2 keyboard as /devices/platform/i8042/serio0/input/input0
2026-01-22T19:13:13.242236-03:00 srv5 kernel: NET: Registered PF_INET6 protocol family
2026-01-22T19:13:13.242238-03:00 srv5 kernel: Segment Routing with IPv6
2026-01-22T19:13:13.242239-03:00 srv5 kernel: In-situ OAM (IOAM) with IPv6
2026-01-22T19:13:13.242239-03:00 srv5 kernel: mip6: Mobile IPv6
2026-01-22T19:13:13.242240-03:00 srv5 kernel: NET: Registered PF_PACKET protocol family
2026-01-22T19:13:13.242241-03:00 srv5 kernel: mpls_gso: MPLS GSO support
2026-01-22T19:13:13.242242-03:00 srv5 kernel: IPI shorthand broadcast: enabled
2026-01-22T19:13:13.242249-03:00 srv5 kernel: sched_clock: Marking stable (1303513331, 134862520)->(1465882234, -27506383)
2026-01-22T19:13:13.242250-03:00 srv5 kernel: registered taskstats version 1
2026-01-22T19:13:13.242251-03:00 srv5 kernel: Loading compiled-in X.509 certificates
2026-01-22T19:13:13.242252-03:00 srv5 kernel: Loaded X.509 cert 'Build time autogenerated kernel key: 7c2b230a25e7258756ba9d8e66b30d6d89429d6d'
2026-01-22T19:13:13.242253-03:00 srv5 kernel: Demotion targets for Node 0: null
2026-01-22T19:13:13.242254-03:00 srv5 kernel: Key type .fscrypt registered
2026-01-22T19:13:13.242386-03:00 srv5 kernel: Key type fscrypt-provisioning registered
2026-01-22T19:13:13.242388-03:00 srv5 kernel: Key type encrypted registered
2026-01-22T19:13:13.242389-03:00 srv5 kernel: AppArmor: AppArmor sha256 policy hashing enabled
2026-01-22T19:13:13.242389-03:00 srv5 kernel: ima: No TPM chip found, activating TPM-bypass!
2026-01-22T19:13:13.242390-03:00 srv5 kernel: ima: Allocated hash algorithm: sha256
2026-01-22T19:13:13.242391-03:00 srv5 kernel: ima: No architecture policies found
2026-01-22T19:13:13.242398-03:00 srv5 kernel: evm: Initialising EVM extended attributes:
2026-01-22T19:13:13.242399-03:00 srv5 kernel: evm: security.selinux
2026-01-22T19:13:13.242400-03:00 srv5 kernel: evm: security.SMACK64 (disabled)
2026-01-22T19:13:13.242401-03:00 srv5 kernel: evm: security.SMACK64EXEC (disabled)
2026-01-22T19:13:13.242402-03:00 srv5 kernel: evm: security.SMACK64TRANSMUTE (disabled)
2026-01-22T19:13:13.242403-03:00 srv5 kernel: evm: security.SMACK64MMAP (disabled)
2026-01-22T19:13:13.242404-03:00 srv5 kernel: evm: security.apparmor
2026-01-22T19:13:13.242411-03:00 srv5 kernel: evm: security.ima
2026-01-22T19:13:13.242412-03:00 srv5 kernel: evm: security.capability
2026-01-22T19:13:13.242413-03:00 srv5 kernel: evm: HMAC attrs: 0x1
2026-01-22T19:13:13.242414-03:00 srv5 kernel: RAS: Correctable Errors collector initialized.
2026-01-22T19:13:13.242415-03:00 srv5 kernel: clk: Disabling unused clocks
2026-01-22T19:13:13.242416-03:00 srv5 kernel: PM: genpd: Disabling unused power domains
2026-01-22T19:13:13.242422-03:00 srv5 kernel: Freeing unused decrypted memory: 2028K
2026-01-22T19:13:13.242424-03:00 srv5 kernel: Freeing unused kernel image (initmem) memory: 4152K
2026-01-22T19:13:13.242424-03:00 srv5 kernel: Write protecting the kernel read-only data: 28672k
2026-01-22T19:13:13.242425-03:00 srv5 kernel: Freeing unused kernel image (rodata/data gap) memory: 488K
2026-01-22T19:13:13.242426-03:00 srv5 kernel: x86/mm: Checked W+X mappings: passed, no W+X pages found.
2026-01-22T19:13:13.242427-03:00 srv5 kernel: Run /init as init process
2026-01-22T19:13:13.242428-03:00 srv5 kernel:   with arguments:
2026-01-22T19:13:13.242435-03:00 srv5 kernel:     /init
2026-01-22T19:13:13.242436-03:00 srv5 kernel:   with environment:
2026-01-22T19:13:13.242437-03:00 srv5 kernel:     HOME=/
2026-01-22T19:13:13.242438-03:00 srv5 kernel:     TERM=linux
2026-01-22T19:13:13.242439-03:00 srv5 kernel: ACPI: battery: Slot [BAT0] (battery present)
2026-01-22T19:13:13.242440-03:00 srv5 kernel: piix4_smbus 0000:00:07.0: SMBus Host Controller at 0x4100, revision 0
2026-01-22T19:13:13.242447-03:00 srv5 kernel: ACPI: video: Video Device [GFX0] (multi-head: yes  rom: no  post: no)
2026-01-22T19:13:13.242448-03:00 srv5 kernel: input: Video Bus as /devices/LNXSYSTM:00/LNXSYBUS:00/PNP0A03:00/LNXVIDEO:00/input/input2
2026-01-22T19:13:13.242449-03:00 srv5 kernel: e1000: Intel(R) PRO/1000 Network Driver
2026-01-22T19:13:13.242450-03:00 srv5 kernel: e1000: Copyright (c) 1999-2006 Intel Corporation.
2026-01-22T19:13:13.242451-03:00 srv5 kernel: ACPI: bus type USB registered
2026-01-22T19:13:13.242452-03:00 srv5 kernel: usbcore: registered new interface driver usbfs
2026-01-22T19:13:13.242458-03:00 srv5 kernel: usbcore: registered new interface driver hub
2026-01-22T19:13:13.242460-03:00 srv5 kernel: usbcore: registered new device driver usb
2026-01-22T19:13:13.242461-03:00 srv5 kernel: SCSI subsystem initialized
2026-01-22T19:13:13.242462-03:00 srv5 kernel: Warning! ehci_hcd should always be loaded before uhci_hcd and ohci_hcd, not after
2026-01-22T19:13:13.242462-03:00 srv5 kernel: ehci-pci 0000:00:0b.0: EHCI Host Controller
2026-01-22T19:13:13.242463-03:00 srv5 kernel: ehci-pci 0000:00:0b.0: new USB bus registered, assigned bus number 1
2026-01-22T19:13:13.242464-03:00 srv5 kernel: ehci-pci 0000:00:0b.0: irq 19, io mem 0xf0840000
2026-01-22T19:13:13.242471-03:00 srv5 kernel: ehci-pci 0000:00:0b.0: USB 2.0 started, EHCI 1.00
2026-01-22T19:13:13.242472-03:00 srv5 kernel: usb usb1: New USB device found, idVendor=1d6b, idProduct=0002, bcdDevice= 6.12
2026-01-22T19:13:13.242473-03:00 srv5 kernel: usb usb1: New USB device strings: Mfr=3, Product=2, SerialNumber=1
2026-01-22T19:13:13.242474-03:00 srv5 kernel: usb usb1: Product: EHCI Host Controller
2026-01-22T19:13:13.242475-03:00 srv5 kernel: usb usb1: Manufacturer: Linux 6.12.57+deb13-amd64 ehci_hcd
2026-01-22T19:13:13.242476-03:00 srv5 kernel: usb usb1: SerialNumber: 0000:00:0b.0
2026-01-22T19:13:13.242491-03:00 srv5 kernel: hub 1-0:1.0: USB hub found
2026-01-22T19:13:13.242492-03:00 srv5 kernel: hub 1-0:1.0: 12 ports detected
2026-01-22T19:13:13.242493-03:00 srv5 kernel: ohci-pci 0000:00:06.0: OHCI PCI host controller
2026-01-22T19:13:13.242494-03:00 srv5 kernel: ohci-pci 0000:00:06.0: new USB bus registered, assigned bus number 2
2026-01-22T19:13:13.242495-03:00 srv5 kernel: ohci-pci 0000:00:06.0: irq 22, io mem 0xf0804000
2026-01-22T19:13:13.242496-03:00 srv5 kernel: usb usb2: New USB device found, idVendor=1d6b, idProduct=0001, bcdDevice= 6.12
2026-01-22T19:13:13.242496-03:00 srv5 kernel: usb usb2: New USB device strings: Mfr=3, Product=2, SerialNumber=1
2026-01-22T19:13:13.242503-03:00 srv5 kernel: usb usb2: Product: OHCI PCI host controller
2026-01-22T19:13:13.242505-03:00 srv5 kernel: usb usb2: Manufacturer: Linux 6.12.57+deb13-amd64 ohci_hcd
2026-01-22T19:13:13.242510-03:00 srv5 kernel: usb usb2: SerialNumber: 0000:00:06.0
2026-01-22T19:13:13.242511-03:00 srv5 kernel: hub 2-0:1.0: USB hub found
2026-01-22T19:13:13.242512-03:00 srv5 kernel: hub 2-0:1.0: 12 ports detected
2026-01-22T19:13:13.242513-03:00 srv5 kernel: libata version 3.00 loaded.
2026-01-22T19:13:13.242520-03:00 srv5 kernel: ata_piix 0000:00:01.1: version 2.13
2026-01-22T19:13:13.242521-03:00 srv5 kernel: input: ImExPS/2 Generic Explorer Mouse as /devices/platform/i8042/serio1/input/input3
2026-01-22T19:13:13.242522-03:00 srv5 kernel: scsi host0: ata_piix
2026-01-22T19:13:13.242523-03:00 srv5 kernel: scsi host1: ata_piix
2026-01-22T19:13:13.242524-03:00 srv5 kernel: ata1: PATA max UDMA/33 cmd 0x1f0 ctl 0x3f6 bmdma 0xd000 irq 14 lpm-pol 0
2026-01-22T19:13:13.242525-03:00 srv5 kernel: ata2: PATA max UDMA/33 cmd 0x170 ctl 0x376 bmdma 0xd008 irq 15 lpm-pol 0
2026-01-22T19:13:13.242532-03:00 srv5 kernel: ahci 0000:00:0d.0: version 3.0
2026-01-22T19:13:13.242533-03:00 srv5 kernel: ahci 0000:00:0d.0: SSS flag set, parallel bus scan disabled
2026-01-22T19:13:13.242534-03:00 srv5 kernel: ahci 0000:00:0d.0: AHCI vers 0001.0100, 32 command slots, 3 Gbps, SATA mode
2026-01-22T19:13:13.242535-03:00 srv5 kernel: ahci 0000:00:0d.0: 1/1 ports implemented (port mask 0x1)
2026-01-22T19:13:13.242536-03:00 srv5 kernel: ahci 0000:00:0d.0: flags: 64bit ncq stag only ccc 
2026-01-22T19:13:13.242537-03:00 srv5 kernel: scsi host2: ahci
2026-01-22T19:13:13.242538-03:00 srv5 kernel: ata3: SATA max UDMA/133 abar m8192@0xf0842000 port 0xf0842100 irq 21 lpm-pol 1
2026-01-22T19:13:13.242545-03:00 srv5 kernel: ata2.00: ATAPI: VBOX CD-ROM, 1.0, max UDMA/133
2026-01-22T19:13:13.242546-03:00 srv5 kernel: usb 2-1: new full-speed USB device number 2 using ohci-pci
2026-01-22T19:13:13.242547-03:00 srv5 kernel: scsi 1:0:0:0: CD-ROM            VBOX     CD-ROM           1.0  PQ: 0 ANSI: 5
2026-01-22T19:13:13.242548-03:00 srv5 kernel: ata3: SATA link up 3.0 Gbps (SStatus 123 SControl 300)
2026-01-22T19:13:13.242549-03:00 srv5 kernel: ata3.00: LPM support broken, forcing max_power
2026-01-22T19:13:13.242550-03:00 srv5 kernel: ata3.00: ATA-6: VBOX HARDDISK, 1.0, max UDMA/133
2026-01-22T19:13:13.242557-03:00 srv5 kernel: ata3.00: 62914560 sectors, multi 128: LBA48 NCQ (depth 32)
2026-01-22T19:13:13.242558-03:00 srv5 kernel: ata3.00: LPM support broken, forcing max_power
2026-01-22T19:13:13.242559-03:00 srv5 kernel: ata3.00: configured for UDMA/133
2026-01-22T19:13:13.242560-03:00 srv5 kernel: scsi 2:0:0:0: Direct-Access     ATA      VBOX HARDDISK    1.0  PQ: 0 ANSI: 5
2026-01-22T19:13:13.242561-03:00 srv5 kernel: sd 2:0:0:0: [sda] 62914560 512-byte logical blocks: (32.2 GB/30.0 GiB)
2026-01-22T19:13:13.242562-03:00 srv5 kernel: sd 2:0:0:0: [sda] Write Protect is off
2026-01-22T19:13:13.242563-03:00 srv5 kernel: sd 2:0:0:0: [sda] Mode Sense: 00 3a 00 00
2026-01-22T19:13:13.242569-03:00 srv5 kernel: sd 2:0:0:0: [sda] Write cache: enabled, read cache: enabled, doesn't support DPO or FUA
2026-01-22T19:13:13.242571-03:00 srv5 kernel: sd 2:0:0:0: [sda] Preferred minimum I/O size 512 bytes
2026-01-22T19:13:13.242572-03:00 srv5 kernel: sr 1:0:0:0: [sr0] scsi3-mmc drive: 32x/32x xa/form2 tray
2026-01-22T19:13:13.242572-03:00 srv5 kernel: cdrom: Uniform CD-ROM driver Revision: 3.20
2026-01-22T19:13:13.242573-03:00 srv5 kernel:  sda: sda1 sda2 < sda5 sda6 >
2026-01-22T19:13:13.242574-03:00 srv5 kernel: sd 2:0:0:0: [sda] Attached SCSI disk
2026-01-22T19:13:13.242581-03:00 srv5 kernel: sr 1:0:0:0: Attached scsi CD-ROM sr0
2026-01-22T19:13:13.242582-03:00 srv5 kernel: usb 2-1: New USB device found, idVendor=80ee, idProduct=0021, bcdDevice= 1.00
2026-01-22T19:13:13.242583-03:00 srv5 kernel: usb 2-1: New USB device strings: Mfr=1, Product=3, SerialNumber=0
2026-01-22T19:13:13.242584-03:00 srv5 kernel: usb 2-1: Product: USB Tablet
2026-01-22T19:13:13.242585-03:00 srv5 kernel: usb 2-1: Manufacturer: VirtualBox
2026-01-22T19:13:13.242586-03:00 srv5 kernel: hid: raw HID events driver (C) Jiri Kosina
2026-01-22T19:13:13.242592-03:00 srv5 kernel: usbcore: registered new interface driver usbhid
2026-01-22T19:13:13.242594-03:00 srv5 kernel: usbhid: USB HID core driver
2026-01-22T19:13:13.242595-03:00 srv5 kernel: input: VirtualBox USB Tablet as /devices/pci0000:00/0000:00:06.0/usb2/2-1/2-1:1.0/0003:80EE:0021.0001/input/input4
2026-01-22T19:13:13.242596-03:00 srv5 kernel: hid-generic 0003:80EE:0021.0001: input,hidraw0: USB HID v1.10 Mouse [VirtualBox USB Tablet] on usb-0000:00:06.0-1/input0
2026-01-22T19:13:13.242597-03:00 srv5 kernel: e1000 0000:00:03.0 eth0: (PCI:33MHz:32-bit) 08:00:27:52:83:10
2026-01-22T19:13:13.242598-03:00 srv5 kernel: e1000 0000:00:03.0 eth0: Intel(R) PRO/1000 Network Connection
2026-01-22T19:13:13.242604-03:00 srv5 kernel: e1000 0000:00:08.0 eth1: (PCI:33MHz:32-bit) 08:00:27:ae:ec:7f
2026-01-22T19:13:13.242606-03:00 srv5 kernel: e1000 0000:00:08.0 eth1: Intel(R) PRO/1000 Network Connection
2026-01-22T19:13:13.242607-03:00 srv5 kernel: e1000 0000:00:03.0 enp0s3: renamed from eth0
2026-01-22T19:13:13.242608-03:00 srv5 kernel: e1000 0000:00:08.0 enp0s8: renamed from eth1
2026-01-22T19:13:13.242608-03:00 srv5 kernel: PM: Image not found (code -22)
2026-01-22T19:13:13.242609-03:00 srv5 kernel: EXT4-fs (sda1): orphan cleanup on readonly fs
2026-01-22T19:13:13.242610-03:00 srv5 kernel: EXT4-fs (sda1): mounted filesystem 3c479c65-cc9a-4a16-ab6e-2915eecfa0e2 ro with ordered data mode. Quota mode: none.
2026-01-22T19:13:13.242618-03:00 srv5 kernel: Not activating Mandatory Access Control as /sbin/tomoyo-init does not exist.
2026-01-22T19:13:13.242706-03:00 srv5 kernel: Guest personality initialized and is inactive
2026-01-22T19:13:13.242708-03:00 srv5 kernel: VMCI host device registered (name=vmci, major=10, minor=123)
2026-01-22T19:13:13.242709-03:00 srv5 kernel: Initialized host personality
2026-01-22T19:13:13.242710-03:00 srv5 kernel: NET: Registered PF_VSOCK protocol family
2026-01-22T19:13:13.242716-03:00 srv5 kernel: EXT4-fs (sda1): re-mounted 3c479c65-cc9a-4a16-ab6e-2915eecfa0e2 r/w.
2026-01-22T19:13:13.242724-03:00 srv5 kernel: ACPI: bus type drm_connector registered
2026-01-22T19:13:13.242785-03:00 srv5 kernel: input: Power Button as /devices/LNXSYSTM:00/LNXPWRBN:00/input/input5
2026-01-22T19:13:13.242786-03:00 srv5 kernel: ACPI: AC: AC Adapter [AC] (off-line)
2026-01-22T19:13:13.242787-03:00 srv5 kernel: ACPI: button: Power Button [PWRF]
2026-01-22T19:13:13.242788-03:00 srv5 kernel: input: Sleep Button as /devices/LNXSYSTM:00/LNXSLPBN:00/input/input6
2026-01-22T19:13:13.242788-03:00 srv5 kernel: ACPI: button: Sleep Button [SLPF]
2026-01-22T19:13:13.242795-03:00 srv5 kernel: input: PC Speaker as /devices/platform/pcspkr/input/input7
2026-01-22T19:13:13.242797-03:00 srv5 kernel: sr 1:0:0:0: Attached scsi generic sg0 type 5
2026-01-22T19:13:13.242798-03:00 srv5 kernel: sd 2:0:0:0: Attached scsi generic sg1 type 0
2026-01-22T19:13:13.242798-03:00 srv5 kernel: vboxguest: host-version: 7.1.8r168469 0x8000000f
2026-01-22T19:13:13.242799-03:00 srv5 kernel: vbg_heartbeat_init: Setting up heartbeat to trigger every 2000 milliseconds
2026-01-22T19:13:13.242800-03:00 srv5 kernel: input: VirtualBox mouse integration as /devices/pci0000:00/0000:00:04.0/input/input8
2026-01-22T19:13:13.242801-03:00 srv5 kernel: cryptd: max_cpu_qlen set to 1000
2026-01-22T19:13:13.242808-03:00 srv5 kernel: vmwgfx 0000:00:02.0: vgaarb: deactivate vga console
2026-01-22T19:13:13.242809-03:00 srv5 kernel: Console: switching to colour dummy device 80x25
2026-01-22T19:13:13.242810-03:00 srv5 kernel: vmwgfx 0000:00:02.0: [drm] FIFO at 0x00000000f0000000 size is 2048 KiB
2026-01-22T19:13:13.242811-03:00 srv5 kernel: vmwgfx 0000:00:02.0: [drm] VRAM at 0x00000000e0000000 size is 16384 KiB
2026-01-22T19:13:13.242812-03:00 srv5 kernel: vmwgfx 0000:00:02.0: [drm] Running on SVGA version 2.
2026-01-22T19:13:13.242813-03:00 srv5 kernel: vmwgfx 0000:00:02.0: [drm] Capabilities: rect copy, cursor, cursor bypass, cursor bypass 2, alpha cursor, extended fifo, pitchlock, irq mask, gmr, traces, gmr2, screen object 2, command buffers, gbobject, 
2026-01-22T19:13:13.242820-03:00 srv5 kernel: vmwgfx 0000:00:02.0: [drm] *ERROR* vmwgfx seems to be running on an unsupported hypervisor.
2026-01-22T19:13:13.242821-03:00 srv5 kernel: vmwgfx 0000:00:02.0: [drm] *ERROR* This configuration is likely broken.
2026-01-22T19:13:13.242822-03:00 srv5 kernel: vmwgfx 0000:00:02.0: [drm] *ERROR* Please switch to a supported graphics device to avoid problems.
2026-01-22T19:13:13.242823-03:00 srv5 kernel: vmwgfx 0000:00:02.0: [drm] DMA map mode: Caching DMA mappings.
2026-01-22T19:13:13.242824-03:00 srv5 kernel: vmwgfx 0000:00:02.0: [drm] Legacy memory limits: VRAM = 16384 KiB, FIFO = 2048 KiB, surface = 507904 KiB
2026-01-22T19:13:13.242825-03:00 srv5 kernel: vmwgfx 0000:00:02.0: [drm] MOB limits: max mob size = 131072 KiB, max mob pages = 4096
2026-01-22T19:13:13.242832-03:00 srv5 kernel: vmwgfx 0000:00:02.0: [drm] Max GMR ids is 8192
2026-01-22T19:13:13.242833-03:00 srv5 kernel: vmwgfx 0000:00:02.0: [drm] Max number of GMR pages is 1048576
2026-01-22T19:13:13.242834-03:00 srv5 kernel: vmwgfx 0000:00:02.0: [drm] Maximum display memory size is 16384 KiB
2026-01-22T19:13:13.242835-03:00 srv5 kernel: vmwgfx 0000:00:02.0: [drm] Screen Target display unit initialized
2026-01-22T19:13:13.242836-03:00 srv5 kernel: vmwgfx 0000:00:02.0: [drm] Fifo max 0x00200000 min 0x00001000 cap 0x00000355
2026-01-22T19:13:13.242837-03:00 srv5 kernel: vmwgfx 0000:00:02.0: [drm] Using command buffers with DMA pool.
2026-01-22T19:13:13.242843-03:00 srv5 kernel: vmwgfx 0000:00:02.0: [drm] Available shader model: Legacy.
2026-01-22T19:13:13.242845-03:00 srv5 kernel: [drm] Initialized vmwgfx 2.20.0 for 0000:00:02.0 on minor 0
2026-01-22T19:13:13.242846-03:00 srv5 kernel: Adding 1643516k swap on /dev/sda5.  Priority:-2 extents:1 across:1643516k 
2026-01-22T19:13:13.242846-03:00 srv5 kernel: fbcon: vmwgfxdrmfb (fb0) is primary device
2026-01-22T19:13:13.242847-03:00 srv5 kernel: Console: switching to colour frame buffer device 160x50
2026-01-22T19:13:13.242848-03:00 srv5 kernel: vmwgfx 0000:00:02.0: [drm] fb0: vmwgfxdrmfb frame buffer device
2026-01-22T19:13:13.242849-03:00 srv5 kernel: intel_rapl_common: Found RAPL domain package
2026-01-22T19:13:13.242856-03:00 srv5 kernel: intel_rapl_common: Found RAPL domain core
2026-01-22T19:13:13.242857-03:00 srv5 kernel: snd_intel8x0 0000:00:05.0: allow list rate for 1028:0177 is 48000
2026-01-22T19:13:13.242858-03:00 srv5 kernel: EXT4-fs (sda6): mounted filesystem 5ee3ee71-9da9-4ed1-ac98-741b16c7752c r/w with ordered data mode. Quota mode: none.
2026-01-22T19:13:13.242859-03:00 srv5 kernel: audit: type=1400 audit(1769119990.999:2): apparmor="STATUS" operation="profile_load" profile="unconfined" name="1password" pid=480 comm="apparmor_parser"
2026-01-22T19:13:13.242860-03:00 srv5 kernel: audit: type=1400 audit(1769119990.999:3): apparmor="STATUS" operation="profile_load" profile="unconfined" name="Discord" pid=481 comm="apparmor_parser"
2026-01-22T19:13:13.242867-03:00 srv5 kernel: audit: type=1400 audit(1769119991.007:4): apparmor="STATUS" operation="profile_load" profile="unconfined" name=4D6F6E676F444220436F6D70617373 pid=483 comm="apparmor_parser"
2026-01-22T19:13:13.242868-03:00 srv5 kernel: audit: type=1400 audit(1769119991.007:5): apparmor="STATUS" operation="profile_load" profile="unconfined" name="QtWebEngineProcess" pid=484 comm="apparmor_parser"
2026-01-22T19:13:13.242869-03:00 srv5 kernel: audit: type=1400 audit(1769119991.031:6): apparmor="STATUS" operation="profile_load" profile="unconfined" name="balena-etcher" pid=486 comm="apparmor_parser"
2026-01-22T19:13:13.242870-03:00 srv5 kernel: audit: type=1400 audit(1769119991.039:7): apparmor="STATUS" operation="profile_load" profile="unconfined" name="brave" pid=487 comm="apparmor_parser"
2026-01-22T19:13:13.242871-03:00 srv5 kernel: audit: type=1400 audit(1769119991.047:8): apparmor="STATUS" operation="profile_load" profile="unconfined" name="buildah" pid=488 comm="apparmor_parser"
2026-01-22T19:13:13.242875-03:00 srv5 kernel: audit: type=1400 audit(1769119991.059:9): apparmor="STATUS" operation="profile_load" profile="unconfined" name="busybox" pid=489 comm="apparmor_parser"
2026-01-22T19:13:13.242880-03:00 srv5 kernel: audit: type=1400 audit(1769119991.067:10): apparmor="STATUS" operation="profile_load" profile="unconfined" name="cam" pid=490 comm="apparmor_parser"
2026-01-22T19:13:13.242881-03:00 srv5 kernel: audit: type=1400 audit(1769119991.075:11): apparmor="STATUS" operation="profile_load" profile="unconfined" name="ch-checkns" pid=491 comm="apparmor_parser"
2026-01-22T19:13:13.242882-03:00 srv5 kernel: e1000: enp0s8 NIC Link is Up 1000 Mbps Full Duplex, Flow Control: RX
2026-01-22T19:13:13.242883-03:00 srv5 kernel: 8021q: 802.1Q VLAN Support v1.8
2026-01-22T19:13:13.242883-03:00 srv5 kernel: 8021q: adding VLAN 0 to HW filter on device enp0s8
2026-01-22T19:13:13.407533-03:00 srv5 systemd[1]: Listening on systemd-rfkill.socket - Load/Save RF Kill Switch Status /dev/rfkill Watch.
2026-01-22T19:13:13.649683-03:00 srv5 systemd[1]: Finished wtmpdb-update-boot.service - Write boot and shutdown times into wtmpdb.
2026-01-22T19:13:13.676861-03:00 srv5 chronyd[702]: chronyd version 4.6.1 starting (+CMDMON +NTP +REFCLOCK +RTC +PRIVDROP +SCFILTER +SIGND +ASYNCDNS +NTS +SECHASH +IPV6 -DEBUG)
2026-01-22T19:13:13.876118-03:00 srv5 chronyd[702]: Loaded 0 symmetric keys
2026-01-22T19:13:13.892784-03:00 srv5 chronyd[702]: Using leap second list /usr/share/zoneinfo/leap-seconds.list
2026-01-22T19:13:13.928333-03:00 srv5 chronyd[702]: Frequency 12.762 +/- 6.074 ppm read from /var/lib/chrony/chrony.drift
2026-01-22T19:13:13.930397-03:00 srv5 chronyd[702]: Loaded seccomp filter (level 1)
2026-01-22T19:13:13.942185-03:00 srv5 systemd[1]: Started chrony.service - chrony, an NTP client/server.
2026-01-22T19:13:14.037231-03:00 srv5 systemd[1]: dpkg-db-backup.service: Deactivated successfully.
2026-01-22T19:13:14.038650-03:00 srv5 systemd[1]: Finished dpkg-db-backup.service - Daily dpkg database backup service.
2026-01-22T19:13:14.209256-03:00 srv5 systemd[1]: e2scrub_reap.service: Deactivated successfully.
2026-01-22T19:13:14.221204-03:00 srv5 systemd[1]: Finished e2scrub_reap.service - Remove Stale Online ext4 Metadata Check Snapshots.
2026-01-22T19:13:14.247245-03:00 srv5 wpa_supplicant[689]: Successfully initialized wpa_supplicant
2026-01-22T19:13:14.288849-03:00 srv5 systemd[1]: Started wpa_supplicant.service - WPA supplicant.
2026-01-22T19:13:14.295810-03:00 srv5 systemd[1]: Reached target network.target - Network.
2026-01-22T19:13:14.324130-03:00 srv5 systemd[1]: Starting ssh.service - OpenBSD Secure Shell server...
2026-01-22T19:13:14.360756-03:00 srv5 systemd[1]: Starting systemd-user-sessions.service - Permit User Sessions...
2026-01-22T19:13:14.505134-03:00 srv5 kernel: cfg80211: Loading compiled-in X.509 certificates for regulatory database
2026-01-22T19:13:14.514588-03:00 srv5 kernel: Loaded X.509 cert 'benh@debian.org: 577e021cb980e0e820821ba7b54b4961b8b4fadf'
2026-01-22T19:13:14.514622-03:00 srv5 kernel: Loaded X.509 cert 'romain.perier@gmail.com: 3abbc6ec146e09d1b6016ab9d6cf71dd233f0328'
2026-01-22T19:13:14.514626-03:00 srv5 kernel: Loaded X.509 cert 'sforshee: 00b28ddf47aef9cea7'
2026-01-22T19:13:14.522322-03:00 srv5 kernel: Loaded X.509 cert 'wens: 61c038651aabdcf94bd0ac7ff06c7248db18c600'
2026-01-22T19:13:14.558319-03:00 srv5 systemd[1]: Finished systemd-user-sessions.service - Permit User Sessions.
2026-01-22T19:13:14.560615-03:00 srv5 systemd[1]: Started getty@tty1.service - Getty on tty1.
2026-01-22T19:13:14.563355-03:00 srv5 systemd[1]: Reached target getty.target - Login Prompts.
2026-01-22T19:13:14.769425-03:00 srv5 kernel: e1000: enp0s3 NIC Link is Up 1000 Mbps Full Duplex, Flow Control: RX
2026-01-22T19:13:14.769464-03:00 srv5 kernel: 8021q: adding VLAN 0 to HW filter on device enp0s3
2026-01-22T19:13:14.773294-03:00 srv5 ifup[683]: enp0s3: waiting for carrier
2026-01-22T19:13:14.773603-03:00 srv5 dhcpcd[683]: enp0s3: waiting for carrier
2026-01-22T19:13:14.774001-03:00 srv5 ifup[683]: enp0s3: carrier acquired
2026-01-22T19:13:14.774357-03:00 srv5 dhcpcd[683]: enp0s3: carrier acquired
2026-01-22T19:13:14.780325-03:00 srv5 ifup[683]: enp0s3: IAID 27:52:83:10
2026-01-22T19:13:14.780532-03:00 srv5 dhcpcd[683]: enp0s3: IAID 27:52:83:10
2026-01-22T19:13:14.799233-03:00 srv5 ifup[683]: enp0s3: adding address fe80::8b92:307c:19be:48da
2026-01-22T19:13:14.799460-03:00 srv5 dhcpcd[683]: enp0s3: adding address fe80::8b92:307c:19be:48da
2026-01-22T19:13:14.893000-03:00 srv5 systemd[1]: Started ssh.service - OpenBSD Secure Shell server.
2026-01-22T19:13:14.893608-03:00 srv5 systemd[1]: Reached target multi-user.target - Multi-User System.
2026-01-22T19:13:14.893747-03:00 srv5 systemd[1]: Reached target graphical.target - Graphical Interface.
2026-01-22T19:13:14.893868-03:00 srv5 systemd[1]: Startup finished in 10.090s (kernel) + 13.575s (userspace) = 23.666s.
2026-01-22T19:13:15.112368-03:00 srv5 ifup[683]: enp0s3: soliciting a DHCP lease
2026-01-22T19:13:15.112889-03:00 srv5 dhcpcd[683]: enp0s3: soliciting a DHCP lease
2026-01-22T19:13:15.143564-03:00 srv5 ifup[683]: enp0s3: offered 10.0.2.15 from 10.0.2.2
2026-01-22T19:13:15.143759-03:00 srv5 dhcpcd[683]: enp0s3: offered 10.0.2.15 from 10.0.2.2
2026-01-22T19:13:15.145877-03:00 srv5 ifup[683]: enp0s3: probing address 10.0.2.15/24
2026-01-22T19:13:15.146501-03:00 srv5 dhcpcd[683]: enp0s3: probing address 10.0.2.15/24
2026-01-22T19:13:17.093420-03:00 srv5 ifup[683]: enp0s3: soliciting an IPv6 router
2026-01-22T19:13:17.093778-03:00 srv5 dhcpcd[683]: enp0s3: soliciting an IPv6 router
2026-01-22T19:13:17.163502-03:00 srv5 ifup[683]: enp0s3: Router Advertisement from fe80::2
2026-01-22T19:13:17.163693-03:00 srv5 dhcpcd[683]: enp0s3: Router Advertisement from fe80::2
2026-01-22T19:13:17.167754-03:00 srv5 ifup[683]: enp0s3: adding address fd17:625c:f037:2:80d:66bc:70b1:3bf8/64
2026-01-22T19:13:17.167945-03:00 srv5 dhcpcd[683]: enp0s3: adding address fd17:625c:f037:2:80d:66bc:70b1:3bf8/64
2026-01-22T19:13:17.180547-03:00 srv5 ifup[683]: enp0s3: adding route to fd17:625c:f037:2::/64
2026-01-22T19:13:17.180657-03:00 srv5 dhcpcd[683]: enp0s3: adding route to fd17:625c:f037:2::/64
2026-01-22T19:13:17.181360-03:00 srv5 ifup[683]: enp0s3: adding default route via fe80::2
2026-01-22T19:13:17.181647-03:00 srv5 dhcpcd[683]: enp0s3: adding default route via fe80::2
2026-01-22T19:13:19.501385-03:00 srv5 dhcpcd[683]: enp0s3: leased 10.0.2.15 for 86400 seconds
2026-01-22T19:13:19.503642-03:00 srv5 dhcpcd[683]: enp0s3: adding route to 10.0.2.0/24
2026-01-22T19:13:19.504440-03:00 srv5 dhcpcd[683]: enp0s3: adding default route via 10.0.2.2
2026-01-22T19:15:03.190319-03:00 srv5 systemd[1]: anacron.service - Run anacron jobs was skipped because of an unmet condition check (ConditionACPower=true).
2026-01-22T19:15:41.583831-03:00 srv5 chronyd[702]: Can't synchronise: no selectable sources
2026-01-22T19:15:41.642009-03:00 srv5 chronyd[702]: Source 216.239.35.0 replaced with 2001:4860:4806:8:: (time.google.com)
2026-01-22T19:17:02.641564-03:00 srv5 CRON[810]: (root) CMD (cd / && run-parts --report /etc/cron.hourly)
2026-01-22T19:28:03.203318-03:00 srv5 systemd[1]: Starting systemd-tmpfiles-clean.service - Cleanup of Temporary Directories...
2026-01-22T19:28:03.353184-03:00 srv5 systemd-tmpfiles[843]: /usr/lib/tmpfiles.d/legacy.conf:14: Duplicate line for path "/run/lock", ignoring.
2026-01-22T19:28:03.489302-03:00 srv5 systemd[1]: systemd-tmpfiles-clean.service: Deactivated successfully.
2026-01-22T19:28:03.490279-03:00 srv5 systemd[1]: Finished systemd-tmpfiles-clean.service - Cleanup of Temporary Directories.
2026-01-22T19:30:01.710969-03:00 srv5 CRON[849]: (root) CMD (if [ -x /etc/init.d/anacron ] && ! [ -d /run/systemd/system ]; then exec /usr/sbin/invoke-rc.d anacron start >/dev/null; fi)
2026-01-22T19:34:03.199173-03:00 srv5 systemd[1]: anacron.service - Run anacron jobs was skipped because of an unmet condition check (ConditionACPower=true).
2026-01-22T19:39:11.964761-03:00 srv5 systemd[1]: logrotate.service - Rotate log files was skipped because of an unmet condition check (ConditionACPower=true).
2026-01-22T19:58:51.203411-03:00 srv5 chronyd[702]: Source 200.160.7.186 replaced with 2001:12ff:0:7::186 (a.st1.ntp.br)
2026-01-22T20:01:03.194697-03:00 srv5 systemd[1]: apt-daily-upgrade.service - Daily apt upgrade and clean activities was skipped because of an unmet condition check (ConditionACPower=true).
2026-01-22T20:17:01.803051-03:00 srv5 CRON[966]: (root) CMD (cd / && run-parts --report /etc/cron.hourly)
2026-01-22T20:30:01.844531-03:00 srv5 CRON[1001]: (root) CMD (if [ -x /etc/init.d/anacron ] && ! [ -d /run/systemd/system ]; then exec /usr/sbin/invoke-rc.d anacron start >/dev/null; fi)
2026-01-22T20:34:11.998864-03:00 srv5 systemd[1]: Started anacron.service - Run anacron jobs.
2026-01-22T20:34:12.036779-03:00 srv5 anacron[1017]: Anacron 2.3 started on 2026-01-22
2026-01-22T20:34:12.087879-03:00 srv5 anacron[1017]: Will run job `cron.daily' in 5 min.
2026-01-22T20:34:12.088091-03:00 srv5 anacron[1017]: Jobs will be executed sequentially
2026-01-22T20:39:12.089706-03:00 srv5 anacron[1017]: Job `cron.daily' started
2026-01-22T20:39:12.144504-03:00 srv5 anacron[1024]: Updated timestamp for job `cron.daily' to 2026-01-22
2026-01-22T20:39:12.218665-03:00 srv5 anacron[1017]: Job `cron.daily' terminated
2026-01-22T20:39:12.218944-03:00 srv5 anacron[1017]: Normal exit (1 job run)
2026-01-22T20:39:12.220519-03:00 srv5 systemd[1]: anacron.service: Deactivated successfully.
2026-01-24T10:19:57.538432-03:00 srv5 systemd[1]: Finished systemd-remount-fs.service - Remount Root and Kernel File Systems.
2026-01-24T10:19:57.542140-03:00 srv5 systemd[1]: systemd-hwdb-update.service - Rebuild Hardware Database was skipped because of an unmet condition check (ConditionNeedsUpdate=/etc).
2026-01-24T10:19:57.542254-03:00 srv5 systemd[1]: Starting systemd-journal-flush.service - Flush Journal to Persistent Storage...
2026-01-24T10:19:57.542262-03:00 srv5 systemd[1]: systemd-pstore.service - Platform Persistent Storage Archival was skipped because of an unmet condition check (ConditionDirectoryNotEmpty=/sys/fs/pstore).
2026-01-24T10:19:57.542267-03:00 srv5 systemd[1]: Starting systemd-random-seed.service - Load/Save OS Random Seed...
2026-01-24T10:19:57.542272-03:00 srv5 systemd[1]: systemd-tpm2-setup.service - TPM SRK Setup was skipped because of an unmet condition check (ConditionSecurity=measured-uki).
2026-01-24T10:19:57.542276-03:00 srv5 systemd[1]: Finished systemd-udev-load-credentials.service - Load udev Rules from Credentials.
2026-01-24T10:19:57.542340-03:00 srv5 systemd[1]: modprobe@drm.service: Deactivated successfully.
2026-01-24T10:19:57.542347-03:00 srv5 systemd[1]: Finished modprobe@drm.service - Load Kernel Module drm.
2026-01-24T10:19:57.542352-03:00 srv5 systemd[1]: Finished systemd-sysctl.service - Apply Kernel Variables.
2026-01-24T10:19:57.542356-03:00 srv5 systemd[1]: Finished systemd-udev-trigger.service - Coldplug All udev Devices.
2026-01-24T10:19:57.542360-03:00 srv5 systemd[1]: Starting ifupdown-pre.service - Helper to synchronize boot up for ifupdown...
2026-01-24T10:19:57.542365-03:00 srv5 systemd[1]: Finished systemd-tmpfiles-setup-dev-early.service - Create Static Device Nodes in /dev gracefully.
2026-01-24T10:19:57.542424-03:00 srv5 systemd[1]: systemd-sysusers.service - Create System Users was skipped because no trigger condition checks were met.
2026-01-24T10:19:57.542432-03:00 srv5 systemd[1]: Starting systemd-tmpfiles-setup-dev.service - Create Static Device Nodes in /dev...
2026-01-24T10:19:57.542436-03:00 srv5 systemd[1]: Finished systemd-random-seed.service - Load/Save OS Random Seed.
2026-01-24T10:19:57.542441-03:00 srv5 systemd[1]: Finished keyboard-setup.service - Set the console keyboard layout.
2026-01-24T10:19:57.542446-03:00 srv5 systemd[1]: Finished systemd-tmpfiles-setup-dev.service - Create Static Device Nodes in /dev.
2026-01-24T10:19:57.542451-03:00 srv5 systemd[1]: Reached target local-fs-pre.target - Preparation for Local File Systems.
2026-01-24T10:19:57.542531-03:00 srv5 systemd[1]: Starting systemd-udevd.service - Rule-based Manager for Device Events and Files...
2026-01-24T10:19:57.542539-03:00 srv5 systemd-udevd[320]: Using default interface naming scheme 'v257'.
2026-01-24T10:19:57.542544-03:00 srv5 systemd[1]: Finished systemd-journal-flush.service - Flush Journal to Persistent Storage.
2026-01-24T10:19:57.542549-03:00 srv5 systemd[1]: Started systemd-udevd.service - Rule-based Manager for Device Events and Files.
2026-01-24T10:19:57.542553-03:00 srv5 systemd[1]: Expecting device sys-subsystem-net-devices-enp0s3.device - /sys/subsystem/net/devices/enp0s3...
2026-01-24T10:19:57.542611-03:00 srv5 systemd[1]: Found device sys-subsystem-net-devices-enp0s3.device - 82540EM Gigabit Ethernet Controller (PRO/1000 MT Desktop Adapter).
2026-01-24T10:19:57.542619-03:00 srv5 systemd[1]: Found device dev-disk-by\x2duuid-11c15728\x2d2b53\x2d44f8\x2d89e3\x2d04587a846f87.device - VBOX_HARDDISK 5.
2026-01-24T10:19:57.542623-03:00 srv5 systemd[1]: Found device dev-disk-by\x2duuid-5ee3ee71\x2d9da9\x2d4ed1\x2dac98\x2d741b16c7752c.device - VBOX_HARDDISK 6.
2026-01-24T10:19:57.542627-03:00 srv5 systemd[1]: Activating swap dev-disk-by\x2duuid-11c15728\x2d2b53\x2d44f8\x2d89e3\x2d04587a846f87.swap - /dev/disk/by-uuid/11c15728-2b53-44f8-89e3-04587a846f87...
2026-01-24T10:19:57.542632-03:00 srv5 systemd[1]: Starting systemd-fsck@dev-disk-by\x2duuid-5ee3ee71\x2d9da9\x2d4ed1\x2dac98\x2d741b16c7752c.service - File System Check on /dev/disk/by-uuid/5ee3ee71-9da9-4ed1-ac98-741b16c7752c...
2026-01-24T10:19:57.542698-03:00 srv5 systemd[1]: Activated swap dev-disk-by\x2duuid-11c15728\x2d2b53\x2d44f8\x2d89e3\x2d04587a846f87.swap - /dev/disk/by-uuid/11c15728-2b53-44f8-89e3-04587a846f87.
2026-01-24T10:19:57.542708-03:00 srv5 systemd[1]: Reached target swap.target - Swaps.
2026-01-24T10:19:57.542713-03:00 srv5 systemd[1]: tmp.mount: Directory /tmp to mount over is not empty, mounting anyway.
2026-01-24T10:19:57.542719-03:00 srv5 systemd[1]: Mounting tmp.mount - Temporary Directory /tmp...
2026-01-24T10:19:57.542724-03:00 srv5 systemd[1]: Mounted tmp.mount - Temporary Directory /tmp.
2026-01-24T10:19:57.542730-03:00 srv5 systemd-fsck[435]: /dev/sda6: recovering journal
2026-01-24T10:19:57.542820-03:00 srv5 systemd[1]: Reached target sound.target - Sound Card.
2026-01-24T10:19:57.542828-03:00 srv5 systemd[1]: Finished ifupdown-pre.service - Helper to synchronize boot up for ifupdown.
2026-01-24T10:19:57.542832-03:00 srv5 systemd-fsck[435]: /dev/sda6: clean, 21/1335296 files, 128385/5332480 blocks
2026-01-24T10:19:57.542840-03:00 srv5 systemd[1]: Finished systemd-fsck@dev-disk-by\x2duuid-5ee3ee71\x2d9da9\x2d4ed1\x2dac98\x2d741b16c7752c.service - File System Check on /dev/disk/by-uuid/5ee3ee71-9da9-4ed1-ac98-741b16c7752c.
2026-01-24T10:19:57.542846-03:00 srv5 systemd[1]: Mounting home.mount - /home...
2026-01-24T10:19:57.542851-03:00 srv5 systemd[1]: Mounted home.mount - /home.
2026-01-24T10:19:57.542906-03:00 srv5 systemd[1]: Reached target local-fs.target - Local File Systems.
2026-01-24T10:19:57.542915-03:00 srv5 systemd[1]: Listening on systemd-sysext.socket - System Extension Image Management.
2026-01-24T10:19:57.542921-03:00 srv5 systemd[1]: Starting apparmor.service - Load AppArmor profiles...
2026-01-24T10:19:57.542926-03:00 srv5 systemd[1]: Starting console-setup.service - Set console font and keymap...
2026-01-24T10:19:57.542931-03:00 srv5 systemd[1]: Starting systemd-binfmt.service - Set Up Additional Binary Formats...
2026-01-24T10:19:57.542936-03:00 srv5 systemd[1]: Starting systemd-tmpfiles-setup.service - Create System Files and Directories...
2026-01-24T10:19:57.542993-03:00 srv5 systemd[1]: Finished console-setup.service - Set console font and keymap.
2026-01-24T10:19:57.543001-03:00 srv5 systemd-tmpfiles[482]: /usr/lib/tmpfiles.d/legacy.conf:14: Duplicate line for path "/run/lock", ignoring.
2026-01-24T10:19:57.543007-03:00 srv5 systemd[1]: proc-sys-fs-binfmt_misc.automount: Got automount request for /proc/sys/fs/binfmt_misc, triggered by 481 (systemd-binfmt)
2026-01-24T10:19:57.543011-03:00 srv5 systemd[1]: Mounting proc-sys-fs-binfmt_misc.mount - Arbitrary Executable File Formats File System...
2026-01-24T10:19:57.543015-03:00 srv5 apparmor.systemd[478]: Restarting AppArmor
2026-01-24T10:19:57.543066-03:00 srv5 apparmor.systemd[478]: Reloading AppArmor profiles
2026-01-24T10:19:57.543076-03:00 srv5 systemd[1]: Mounted proc-sys-fs-binfmt_misc.mount - Arbitrary Executable File Formats File System.
2026-01-24T10:19:57.543080-03:00 srv5 systemd[1]: Finished systemd-binfmt.service - Set Up Additional Binary Formats.
2026-01-24T10:19:57.543085-03:00 srv5 systemd[1]: Finished systemd-tmpfiles-setup.service - Create System Files and Directories.
2026-01-24T10:19:57.543090-03:00 srv5 systemd[1]: ldconfig.service - Rebuild Dynamic Linker Cache was skipped because no trigger condition checks were met.
2026-01-24T10:19:57.543094-03:00 srv5 systemd[1]: systemd-firstboot.service - First Boot Wizard was skipped because of an unmet condition check (ConditionFirstBoot=yes).
2026-01-24T10:19:57.543153-03:00 srv5 systemd[1]: first-boot-complete.target - First Boot Complete was skipped because of an unmet condition check (ConditionFirstBoot=yes).
2026-01-24T10:19:57.543162-03:00 srv5 systemd[1]: systemd-journal-catalog-update.service - Rebuild Journal Catalog was skipped because of an unmet condition check (ConditionNeedsUpdate=/var).
2026-01-24T10:19:57.543294-03:00 srv5 systemd[1]: systemd-machine-id-commit.service - Save Transient machine-id to Disk was skipped because of an unmet condition check (ConditionPathIsMountPoint=/etc/machine-id).
2026-01-24T10:19:57.543310-03:00 srv5 systemd[1]: systemd-update-done.service - Update is Completed was skipped because no trigger condition checks were met.
2026-01-24T10:19:57.543315-03:00 srv5 systemd[1]: Finished apparmor.service - Load AppArmor profiles.
2026-01-24T10:19:57.543464-03:00 srv5 systemd[1]: Reached target sysinit.target - System Initialization.
2026-01-24T10:19:57.543471-03:00 srv5 systemd[1]: Started anacron.timer - Trigger anacron every hour.
2026-01-24T10:19:57.543474-03:00 srv5 systemd[1]: Started apt-daily.timer - Daily apt download activities.
2026-01-24T10:19:57.543478-03:00 srv5 systemd[1]: Started apt-daily-upgrade.timer - Daily apt upgrade and clean activities.
2026-01-24T10:19:57.543482-03:00 srv5 systemd[1]: Started dpkg-db-backup.timer - Daily dpkg database backup timer.
2026-01-24T10:19:57.543486-03:00 srv5 systemd[1]: Started e2scrub_all.timer - Periodic ext4 Online Metadata Check for All Filesystems.
2026-01-24T10:19:57.543534-03:00 srv5 systemd[1]: Started fstrim.timer - Discard unused filesystem blocks once a week.
2026-01-24T10:19:57.543541-03:00 srv5 systemd[1]: Started logrotate.timer - Daily rotation of log files.
2026-01-24T10:19:57.543545-03:00 srv5 systemd[1]: Started man-db.timer - Daily man-db regeneration.
2026-01-24T10:19:57.543548-03:00 srv5 systemd[1]: Started systemd-tmpfiles-clean.timer - Daily Cleanup of Temporary Directories.
2026-01-24T10:19:57.543552-03:00 srv5 systemd[1]: Reached target timers.target - Timer Units.
2026-01-24T10:19:57.543555-03:00 srv5 systemd[1]: Listening on dbus.socket - D-Bus System Message Bus Socket.
2026-01-24T10:19:57.543604-03:00 srv5 systemd[1]: Listening on sshd-unix-local.socket - OpenSSH Server Socket (systemd-ssh-generator, AF_UNIX Local).
2026-01-24T10:19:57.543611-03:00 srv5 systemd[1]: Listening on sshd-vsock.socket - OpenSSH Server Socket (systemd-ssh-generator, AF_VSOCK).
2026-01-24T10:19:57.543617-03:00 srv5 systemd[1]: Reached target ssh-access.target - SSH Access Available.
2026-01-24T10:19:57.543623-03:00 srv5 systemd[1]: Listening on systemd-hostnamed.socket - Hostname Service Socket.
2026-01-24T10:19:57.543629-03:00 srv5 systemd[1]: Reached target sockets.target - Socket Units.
2026-01-24T10:19:57.543634-03:00 srv5 systemd[1]: Started ifup@enp0s3.service - ifup for enp0s3.
2026-01-24T10:19:57.543699-03:00 srv5 systemd[1]: Starting networking.service - Raise network interfaces...
2026-01-24T10:19:57.543707-03:00 srv5 systemd[1]: systemd-pcrphase-sysinit.service - TPM PCR Barrier (Initialization) was skipped because of an unmet condition check (ConditionSecurity=measured-uki).
2026-01-24T10:19:57.543713-03:00 srv5 systemd[1]: Reached target basic.target - Basic System.
2026-01-24T10:19:57.543718-03:00 srv5 systemd[1]: System is tainted: unmerged-bin
2026-01-24T10:19:57.543724-03:00 srv5 systemd[1]: Started anacron.service - Run anacron jobs.
2026-01-24T10:19:57.543729-03:00 srv5 systemd[1]: Starting chrony.service - chrony, an NTP client/server...
2026-01-24T10:19:57.543787-03:00 srv5 systemd[1]: Started cron.service - Regular background program processing daemon.
2026-01-24T10:19:57.543794-03:00 srv5 anacron[598]: Anacron 2.3 started on 2026-01-24
2026-01-24T10:19:57.543798-03:00 srv5 systemd[1]: Starting dbus.service - D-Bus System Message Bus...
2026-01-24T10:19:57.543801-03:00 srv5 systemd[1]: Starting e2scrub_reap.service - Remove Stale Online ext4 Metadata Check Snapshots...
2026-01-24T10:19:57.543805-03:00 srv5 systemd[1]: getty-static.service - getty on tty2-tty6 if dbus and logind are not available was skipped because of an unmet condition check (ConditionPathExists=!/usr/bin/dbus-daemon).
2026-01-24T10:19:57.543809-03:00 srv5 cron[605]: (CRON) INFO (pidfile fd = 3)
2026-01-24T10:19:57.543858-03:00 srv5 systemd[1]: Starting grub-common.service - Record successful boot for GRUB...
2026-01-24T10:19:57.543865-03:00 srv5 systemd[1]: Starting rsyslog.service - System Logging Service...
2026-01-24T10:19:57.543868-03:00 srv5 anacron[598]: Will run job `cron.daily' in 5 min.
2026-01-24T10:19:57.543872-03:00 srv5 systemd[1]: sshd-keygen.service - Generate sshd host keys on first boot was skipped because of an unmet condition check (ConditionFirstBoot=yes).
2026-01-24T10:19:57.543875-03:00 srv5 anacron[598]: Jobs will be executed sequentially
2026-01-24T10:19:57.543880-03:00 srv5 systemd[1]: Starting systemd-logind.service - User Login Management...
2026-01-24T10:19:57.543932-03:00 srv5 systemd[1]: systemd-pcrphase.service - TPM PCR Barrier (User) was skipped because of an unmet condition check (ConditionSecurity=measured-uki).
2026-01-24T10:19:57.543939-03:00 srv5 systemd[1]: Starting wtmpdb-update-boot.service - Write boot and shutdown times into wtmpdb...
2026-01-24T10:19:57.543942-03:00 srv5 systemd[1]: Starting dpkg-db-backup.service - Daily dpkg database backup service...
2026-01-24T10:19:57.543946-03:00 srv5 cron[605]: (CRON) INFO (Running @reboot jobs)
2026-01-24T10:19:57.544013-03:00 srv5 systemd[1]: Started systemd-logind.service - User Login Management.
2026-01-24T10:19:57.544016-03:00 srv5 systemd[1]: Finished networking.service - Raise network interfaces.
2026-01-24T10:19:57.544020-03:00 srv5 systemd[1]: grub-common.service: Deactivated successfully.
2026-01-24T10:19:57.544023-03:00 srv5 systemd[1]: Finished grub-common.service - Record successful boot for GRUB.
2026-01-24T10:19:57.544073-03:00 srv5 systemd[1]: Started dbus.service - D-Bus System Message Bus.
2026-01-24T10:19:57.544079-03:00 srv5 dbus-daemon[606]: [system] Successfully activated service 'org.freedesktop.systemd1'
2026-01-24T10:19:57.544083-03:00 srv5 systemd[1]: Starting wpa_supplicant.service - WPA supplicant...
2026-01-24T10:19:57.544087-03:00 srv5 ifup[642]: dhcpcd-10.1.0 starting
2026-01-24T10:19:57.544090-03:00 srv5 dhcpcd[642]: dhcpcd-10.1.0 starting
2026-01-24T10:19:57.544093-03:00 srv5 ifup[704]: DUID 00:01:00:01:30:da:e6:5d:08:00:27:8f:c3:88
2026-01-24T10:19:57.544142-03:00 srv5 dhcpcd[704]: DUID 00:01:00:01:30:da:e6:5d:08:00:27:8f:c3:88
2026-01-24T10:19:57.525966-03:00 srv5 systemd[1]: Finished wtmpdb-update-boot.service - Write boot and shutdown times into wtmpdb.
2026-01-24T10:19:57.541923-03:00 srv5 rsyslogd: imuxsock: Acquired UNIX socket '/run/systemd/journal/syslog' (fd 3) from systemd.  [v8.2504.0]
2026-01-24T10:19:57.542009-03:00 srv5 rsyslogd: [origin software="rsyslogd" swVersion="8.2504.0" x-pid="613" x-info="https://www.rsyslog.com"] start
2026-01-24T10:19:57.542648-03:00 srv5 systemd[1]: Started rsyslog.service - System Logging Service.
2026-01-24T10:19:57.546905-03:00 srv5 kernel: Linux version 6.12.57+deb13-amd64 (debian-kernel@lists.debian.org) (x86_64-linux-gnu-gcc-14 (Debian 14.2.0-19) 14.2.0, GNU ld (GNU Binutils for Debian) 2.44) #1 SMP PREEMPT_DYNAMIC Debian 6.12.57-1 (2025-11-05)
2026-01-24T10:19:57.546963-03:00 srv5 kernel: Command line: BOOT_IMAGE=/boot/vmlinuz-6.12.57+deb13-amd64 root=UUID=3c479c65-cc9a-4a16-ab6e-2915eecfa0e2 ro quiet
2026-01-24T10:19:57.546967-03:00 srv5 kernel: [Firmware Bug]: TSC doesn't count with P0 frequency!
2026-01-24T10:19:57.546968-03:00 srv5 kernel: BIOS-provided physical RAM map:
2026-01-24T10:19:57.546968-03:00 srv5 kernel: BIOS-e820: [mem 0x0000000000000000-0x000000000009fbff] usable
2026-01-24T10:19:57.546969-03:00 srv5 kernel: BIOS-e820: [mem 0x000000000009fc00-0x000000000009ffff] reserved
2026-01-24T10:19:57.546969-03:00 srv5 kernel: BIOS-e820: [mem 0x00000000000f0000-0x00000000000fffff] reserved
2026-01-24T10:19:57.547047-03:00 srv5 kernel: BIOS-e820: [mem 0x0000000000100000-0x000000007ffeffff] usable
2026-01-24T10:19:57.547051-03:00 srv5 kernel: BIOS-e820: [mem 0x000000007fff0000-0x000000007fffffff] ACPI data
2026-01-24T10:19:57.547052-03:00 srv5 kernel: BIOS-e820: [mem 0x00000000fec00000-0x00000000fec00fff] reserved
2026-01-24T10:19:57.547052-03:00 srv5 kernel: BIOS-e820: [mem 0x00000000fee00000-0x00000000fee00fff] reserved
2026-01-24T10:19:57.547053-03:00 srv5 kernel: BIOS-e820: [mem 0x00000000fffc0000-0x00000000ffffffff] reserved
2026-01-24T10:19:57.547053-03:00 srv5 kernel: NX (Execute Disable) protection: active
2026-01-24T10:19:57.547054-03:00 srv5 kernel: APIC: Static calls initialized
2026-01-24T10:19:57.547097-03:00 srv5 kernel: SMBIOS 2.5 present.
2026-01-24T10:19:57.547101-03:00 srv5 kernel: DMI: innotek GmbH VirtualBox/VirtualBox, BIOS VirtualBox 12/01/2006
2026-01-24T10:19:57.547102-03:00 srv5 kernel: DMI: Memory slots populated: 0/0
2026-01-24T10:19:57.547103-03:00 srv5 kernel: Hypervisor detected: KVM
2026-01-24T10:19:57.547103-03:00 srv5 kernel: last_pfn = 0x80000 max_arch_pfn = 0x400000000
2026-01-24T10:19:57.547104-03:00 srv5 kernel: kvm-clock: Using msrs 4b564d01 and 4b564d00
2026-01-24T10:19:57.547144-03:00 srv5 kernel: kvm-clock: using sched offset of 14911367713 cycles
2026-01-24T10:19:57.547148-03:00 srv5 kernel: clocksource: kvm-clock: mask: 0xffffffffffffffff max_cycles: 0x1cd42e4dffb, max_idle_ns: 881590591483 ns
2026-01-24T10:19:57.547148-03:00 srv5 kernel: tsc: Detected 2295.626 MHz processor
2026-01-24T10:19:57.547149-03:00 srv5 kernel: e820: update [mem 0x00000000-0x00000fff] usable ==> reserved
2026-01-24T10:19:57.547150-03:00 srv5 kernel: e820: remove [mem 0x000a0000-0x000fffff] usable
2026-01-24T10:19:57.547150-03:00 srv5 kernel: last_pfn = 0x80000 max_arch_pfn = 0x400000000
2026-01-24T10:19:57.547190-03:00 srv5 kernel: MTRR map: 3 entries (3 fixed + 0 variable; max 19), built from 8 variable MTRRs
2026-01-24T10:19:57.547194-03:00 srv5 kernel: x86/PAT: Configuration [0-7]: WB  WC  UC- UC  WB  WP  UC- WT  
2026-01-24T10:19:57.547194-03:00 srv5 kernel: CPU MTRRs all blank - virtualized system.
2026-01-24T10:19:57.547195-03:00 srv5 kernel: found SMP MP-table at [mem 0x0009fbf0-0x0009fbff]
2026-01-24T10:19:57.547196-03:00 srv5 kernel: RAMDISK: [mem 0x339e3000-0x35ce8fff]
2026-01-24T10:19:57.547196-03:00 srv5 kernel: ACPI: Early table checksum verification disabled
2026-01-24T10:19:57.547197-03:00 srv5 kernel: ACPI: RSDP 0x00000000000E0000 000024 (v02 VBOX  )
2026-01-24T10:19:57.547237-03:00 srv5 kernel: ACPI: XSDT 0x000000007FFF0030 00003C (v01 VBOX   VBOXXSDT 00000001 ASL  00000061)
2026-01-24T10:19:57.547240-03:00 srv5 kernel: ACPI: FACP 0x000000007FFF00F0 0000F4 (v04 VBOX   VBOXFACP 00000001 ASL  00000061)
2026-01-24T10:19:57.547241-03:00 srv5 kernel: ACPI: DSDT 0x000000007FFF0610 002353 (v02 VBOX   VBOXBIOS 00000002 INTL 20100528)
2026-01-24T10:19:57.547241-03:00 srv5 kernel: ACPI: FACS 0x000000007FFF0200 000040
2026-01-24T10:19:57.547242-03:00 srv5 kernel: ACPI: FACS 0x000000007FFF0200 000040
2026-01-24T10:19:57.547243-03:00 srv5 kernel: ACPI: APIC 0x000000007FFF0240 00005C (v02 VBOX   VBOXAPIC 00000001 ASL  00000061)
2026-01-24T10:19:57.547282-03:00 srv5 kernel: ACPI: SSDT 0x000000007FFF02A0 00036C (v01 VBOX   VBOXCPUT 00000002 INTL 20100528)
2026-01-24T10:19:57.547286-03:00 srv5 kernel: ACPI: Reserving FACP table memory at [mem 0x7fff00f0-0x7fff01e3]
2026-01-24T10:19:57.547286-03:00 srv5 kernel: ACPI: Reserving DSDT table memory at [mem 0x7fff0610-0x7fff2962]
2026-01-24T10:19:57.547287-03:00 srv5 kernel: ACPI: Reserving FACS table memory at [mem 0x7fff0200-0x7fff023f]
2026-01-24T10:19:57.547288-03:00 srv5 kernel: ACPI: Reserving FACS table memory at [mem 0x7fff0200-0x7fff023f]
2026-01-24T10:19:57.547288-03:00 srv5 kernel: ACPI: Reserving APIC table memory at [mem 0x7fff0240-0x7fff029b]
2026-01-24T10:19:57.547329-03:00 srv5 kernel: ACPI: Reserving SSDT table memory at [mem 0x7fff02a0-0x7fff060b]
2026-01-24T10:19:57.547332-03:00 srv5 kernel: No NUMA configuration found
2026-01-24T10:19:57.547333-03:00 srv5 kernel: Faking a node at [mem 0x0000000000000000-0x000000007fffffff]
2026-01-24T10:19:57.547333-03:00 srv5 kernel: NODE_DATA(0) allocated [mem 0x7ffc5680-0x7ffeffff]
2026-01-24T10:19:57.547334-03:00 srv5 kernel: Zone ranges:
2026-01-24T10:19:57.547334-03:00 srv5 kernel:   DMA      [mem 0x0000000000001000-0x0000000000ffffff]
2026-01-24T10:19:57.547335-03:00 srv5 kernel:   DMA32    [mem 0x0000000001000000-0x000000007fffffff]
2026-01-24T10:19:57.547376-03:00 srv5 kernel:   Normal   empty
2026-01-24T10:19:57.547379-03:00 srv5 kernel:   Device   empty
2026-01-24T10:19:57.547380-03:00 srv5 kernel: Movable zone start for each node
2026-01-24T10:19:57.547381-03:00 srv5 kernel: Early memory node ranges
2026-01-24T10:19:57.547381-03:00 srv5 kernel:   node   0: [mem 0x0000000000001000-0x000000000009efff]
2026-01-24T10:19:57.547382-03:00 srv5 kernel:   node   0: [mem 0x0000000000100000-0x000000007ffeffff]
2026-01-24T10:19:57.547666-03:00 srv5 kernel: Initmem setup node 0 [mem 0x0000000000001000-0x000000007ffeffff]
2026-01-24T10:19:57.547675-03:00 srv5 kernel: On node 0, zone DMA: 1 pages in unavailable ranges
2026-01-24T10:19:57.547676-03:00 srv5 kernel: On node 0, zone DMA: 97 pages in unavailable ranges
2026-01-24T10:19:57.547676-03:00 srv5 kernel: On node 0, zone DMA32: 16 pages in unavailable ranges
2026-01-24T10:19:57.547677-03:00 srv5 kernel: ACPI: PM-Timer IO Port: 0x4008
2026-01-24T10:19:57.547677-03:00 srv5 kernel: IOAPIC[0]: apic_id 2, version 32, address 0xfec00000, GSI 0-23
2026-01-24T10:19:57.547678-03:00 srv5 kernel: ACPI: INT_SRC_OVR (bus 0 bus_irq 0 global_irq 2 dfl dfl)
